Archive member included to satisfy reference by file (symbol)

/opt/st/stm32cubeide_1.19.0/plugins/com.st.stm32cube.ide.mcu.externaltools.gnu-tools-for-stm32.13.3.rel1.linux64_1.0.0.202410170706/tools/bin/../lib/gcc/arm-none-eabi/13.3.1/../../../../arm-none-eabi/lib/thumb/v7e-m+fp/hard/libc_nano.a(libc_a-exit.o)
                              /opt/st/stm32cubeide_1.19.0/plugins/com.st.stm32cube.ide.mcu.externaltools.gnu-tools-for-stm32.13.3.rel1.linux64_1.0.0.202410170706/tools/bin/../lib/gcc/arm-none-eabi/13.3.1/../../../../arm-none-eabi/lib/thumb/v7e-m+fp/hard/crt0.o (exit)
/opt/st/stm32cubeide_1.19.0/plugins/com.st.stm32cube.ide.mcu.externaltools.gnu-tools-for-stm32.13.3.rel1.linux64_1.0.0.202410170706/tools/bin/../lib/gcc/arm-none-eabi/13.3.1/../../../../arm-none-eabi/lib/thumb/v7e-m+fp/hard/libc_nano.a(libc_a-findfp.o)
                              /opt/st/stm32cubeide_1.19.0/plugins/com.st.stm32cube.ide.mcu.externaltools.gnu-tools-for-stm32.13.3.rel1.linux64_1.0.0.202410170706/tools/bin/../lib/gcc/arm-none-eabi/13.3.1/../../../../arm-none-eabi/lib/thumb/v7e-m+fp/hard/libc_nano.a(libc_a-exit.o) (__stdio_exit_handler)
/opt/st/stm32cubeide_1.19.0/plugins/com.st.stm32cube.ide.mcu.externaltools.gnu-tools-for-stm32.13.3.rel1.linux64_1.0.0.202410170706/tools/bin/../lib/gcc/arm-none-eabi/13.3.1/../../../../arm-none-eabi/lib/thumb/v7e-m+fp/hard/libc_nano.a(libc_a-fwalk.o)
                              /opt/st/stm32cubeide_1.19.0/plugins/com.st.stm32cube.ide.mcu.externaltools.gnu-tools-for-stm32.13.3.rel1.linux64_1.0.0.202410170706/tools/bin/../lib/gcc/arm-none-eabi/13.3.1/../../../../arm-none-eabi/lib/thumb/v7e-m+fp/hard/libc_nano.a(libc_a-findfp.o) (_fwalk_sglue)
/opt/st/stm32cubeide_1.19.0/plugins/com.st.stm32cube.ide.mcu.externaltools.gnu-tools-for-stm32.13.3.rel1.linux64_1.0.0.202410170706/tools/bin/../lib/gcc/arm-none-eabi/13.3.1/../../../../arm-none-eabi/lib/thumb/v7e-m+fp/hard/libc_nano.a(libc_a-printf.o)
                              ./Core/Src/main.o (printf)
/opt/st/stm32cubeide_1.19.0/plugins/com.st.stm32cube.ide.mcu.externaltools.gnu-tools-for-stm32.13.3.rel1.linux64_1.0.0.202410170706/tools/bin/../lib/gcc/arm-none-eabi/13.3.1/../../../../arm-none-eabi/lib/thumb/v7e-m+fp/hard/libc_nano.a(libc_a-stdio.o)
                              /opt/st/stm32cubeide_1.19.0/plugins/com.st.stm32cube.ide.mcu.externaltools.gnu-tools-for-stm32.13.3.rel1.linux64_1.0.0.202410170706/tools/bin/../lib/gcc/arm-none-eabi/13.3.1/../../../../arm-none-eabi/lib/thumb/v7e-m+fp/hard/libc_nano.a(libc_a-findfp.o) (__sread)
/opt/st/stm32cubeide_1.19.0/plugins/com.st.stm32cube.ide.mcu.externaltools.gnu-tools-for-stm32.13.3.rel1.linux64_1.0.0.202410170706/tools/bin/../lib/gcc/arm-none-eabi/13.3.1/../../../../arm-none-eabi/lib/thumb/v7e-m+fp/hard/libc_nano.a(libc_a-memset.o)
                              /opt/st/stm32cubeide_1.19.0/plugins/com.st.stm32cube.ide.mcu.externaltools.gnu-tools-for-stm32.13.3.rel1.linux64_1.0.0.202410170706/tools/bin/../lib/gcc/arm-none-eabi/13.3.1/../../../../arm-none-eabi/lib/thumb/v7e-m+fp/hard/crt0.o (memset)
/opt/st/stm32cubeide_1.19.0/plugins/com.st.stm32cube.ide.mcu.externaltools.gnu-tools-for-stm32.13.3.rel1.linux64_1.0.0.202410170706/tools/bin/../lib/gcc/arm-none-eabi/13.3.1/../../../../arm-none-eabi/lib/thumb/v7e-m+fp/hard/libc_nano.a(libc_a-closer.o)
                              /opt/st/stm32cubeide_1.19.0/plugins/com.st.stm32cube.ide.mcu.externaltools.gnu-tools-for-stm32.13.3.rel1.linux64_1.0.0.202410170706/tools/bin/../lib/gcc/arm-none-eabi/13.3.1/../../../../arm-none-eabi/lib/thumb/v7e-m+fp/hard/libc_nano.a(libc_a-stdio.o) (_close_r)
/opt/st/stm32cubeide_1.19.0/plugins/com.st.stm32cube.ide.mcu.externaltools.gnu-tools-for-stm32.13.3.rel1.linux64_1.0.0.202410170706/tools/bin/../lib/gcc/arm-none-eabi/13.3.1/../../../../arm-none-eabi/lib/thumb/v7e-m+fp/hard/libc_nano.a(libc_a-reent.o)
                              /opt/st/stm32cubeide_1.19.0/plugins/com.st.stm32cube.ide.mcu.externaltools.gnu-tools-for-stm32.13.3.rel1.linux64_1.0.0.202410170706/tools/bin/../lib/gcc/arm-none-eabi/13.3.1/../../../../arm-none-eabi/lib/thumb/v7e-m+fp/hard/libc_nano.a(libc_a-closer.o) (errno)
/opt/st/stm32cubeide_1.19.0/plugins/com.st.stm32cube.ide.mcu.externaltools.gnu-tools-for-stm32.13.3.rel1.linux64_1.0.0.202410170706/tools/bin/../lib/gcc/arm-none-eabi/13.3.1/../../../../arm-none-eabi/lib/thumb/v7e-m+fp/hard/libc_nano.a(libc_a-impure.o)
                              /opt/st/stm32cubeide_1.19.0/plugins/com.st.stm32cube.ide.mcu.externaltools.gnu-tools-for-stm32.13.3.rel1.linux64_1.0.0.202410170706/tools/bin/../lib/gcc/arm-none-eabi/13.3.1/../../../../arm-none-eabi/lib/thumb/v7e-m+fp/hard/libc_nano.a(libc_a-printf.o) (_impure_ptr)
/opt/st/stm32cubeide_1.19.0/plugins/com.st.stm32cube.ide.mcu.externaltools.gnu-tools-for-stm32.13.3.rel1.linux64_1.0.0.202410170706/tools/bin/../lib/gcc/arm-none-eabi/13.3.1/../../../../arm-none-eabi/lib/thumb/v7e-m+fp/hard/libc_nano.a(libc_a-lseekr.o)
[...]
Memory Configuration

Name             Origin             Length             Attributes
RAM              0x20000000         0x00008000         xrw
FLASH            0x08000000         0x00020000         xr
*default*        0x00000000         0xffffffff

Linker script and memory map

LOAD /opt/st/stm32cubeide_1.19.0/plugins/com.st.stm32cube.ide.mcu.externaltools.gnu-tools-for-stm32.13.3.rel1.linux64_1.0.0.202410170706/tools/bin/../lib/gcc/arm-none-eabi/13.3.1/thumb/v7e-m+fp/hard/crti.o
LOAD /opt/st/stm32cubeide_1.19.0/plugins/com.st.stm32cube.ide.mcu.externaltools.gnu-tools-for-stm32.13.3.rel1.linux64_1.0.0.202410170706/tools/bin/../lib/gcc/arm-none-eabi/13.3.1/thumb/v7e-m+fp/hard/crtbegin.o
LOAD /opt/st/stm32cubeide_1.19.0/plugins/com.st.stm32cube.ide.mcu.externaltools.gnu-tools-for-stm32.13.3.rel1.linux64_1.0.0.202410170706/tools/bin/../lib/gcc/arm-none-eabi/13.3.1/../../../../arm-none-eabi/lib/thumb/v7e-m+fp/hard/crt0.o
LOAD ./Core/Src/main.o
LOAD ./Core/Src/stm32g4xx_hal_msp.o
LOAD ./Core/Src/stm32g4xx_it.o
LOAD ./Core/Src/syscalls.o
LOAD ./Core/Src/sysmem.o
LOAD ./Core/Src/system_stm32g4xx.o
LOAD ./Core/Startup/startup_stm32g431cbux.o
LOAD ./Drivers/STM32G4xx_HAL_Driver/Src/stm32g4xx_hal.o
LOAD ./Drivers/STM32G4xx_HAL_Driver/Src/stm32g4xx_hal_cortex.o
LOAD ./Drivers/STM32G4xx_HAL_Driver/Src/stm32g4xx_hal_dac.o
LOAD ./Drivers/STM32G4xx_HAL_Driver/Src/stm32g4xx_hal_dac_ex.o
LOAD ./Drivers/STM32G4xx_HAL_Driver/Src/stm32g4xx_hal_dma.o
LOAD ./Drivers/STM32G4xx_HAL_Driver/Src/stm32g4xx_hal_dma_ex.o
LOAD ./Drivers/STM32G4xx_HAL_Driver/Src/stm32g4xx_hal_exti.o
LOAD ./Drivers/STM32G4xx_HAL_Driver/Src/stm32g4xx_hal_flash.o
LOAD ./Drivers/STM32G4xx_HAL_Driver/Src/stm32g4xx_hal_flash_ex.o
LOAD ./Drivers/STM32G4xx_HAL_Driver/Src/stm32g4xx_hal_flash_ramfunc.o
LOAD ./Drivers/STM32G4xx_HAL_Driver/Src/stm32g4xx_hal_gpio.o
LOAD ./Drivers/STM32G4xx_HAL_Driver/Src/stm32g4xx_hal_i2c.o
LOAD ./Drivers/STM32G4xx_HAL_Driver/Src/stm32g4xx_hal_i2c_ex.o
LOAD ./Drivers/STM32G4xx_HAL_Driver/Src/stm32g4xx_hal_pwr.o
LOAD ./Drivers/STM32G4xx_HAL_Driver/Src/stm32g4xx_hal_pwr_ex.o
LOAD ./Drivers/STM32G4xx_HAL_Driver/Src/stm32g4xx_hal_rcc.o
LOAD ./Drivers/STM32G4xx_HAL_Driver/Src/stm32g4xx_hal_rcc_ex.o
LOAD ./Drivers/STM32G4xx_HAL_Driver/Src/stm32g4xx_hal_rtc.o
LOAD ./Drivers/STM32G4xx_HAL_Driver/Src/stm32g4xx_hal_rtc_ex.o
LOAD ./Drivers/STM32G4xx_HAL_Driver/Src/stm32g4xx_hal_spi.o
LOAD ./Drivers/STM32G4xx_HAL_Driver/Src/stm32g4xx_hal_spi_ex.o
LOAD ./Usr libs/STM32_Library_Encoder/M_ENC.o
LOAD ./Usr libs/STM32_Library_Flashprom/M_Flashprom.o
LOAD ./Usr libs/STM32_Library_INA226/M_INA226.o
LOAD ./Usr libs/STM32_Library_My_Graphic_Library/MGL.o
LOAD ./Usr libs/STM32_Library_My_Graphic_Library/st7735_driver/st7735.o
START GROUP
LOAD /opt/st/stm32cubeide_1.19.0/plugins/com.st.stm32cube.ide.mcu.externaltools.gnu-tools-for-stm32.13.3.rel1.linux64_1.0.0.202410170706/tools/bin/../lib/gcc/arm-none-eabi/13.3.1/../../../../arm-none-eabi/lib/thumb/v7e-m+fp/hard/libc_nano.a
LOAD /opt/st/stm32cubeide_1.19.0/plugins/com.st.stm32cube.ide.mcu.externaltools.gnu-tools-for-stm32.13.3.rel1.linux64_1.0.0.202410170706/tools/bin/../lib/gcc/arm-none-eabi/13.3.1/../../../../arm-none-eabi/lib/thumb/v7e-m+fp/hard/libm.a
END GROUP
START GROUP
LOAD /opt/st/stm32cubeide_1.19.0/plugins/com.st.stm32cube.ide.mcu.externaltools.gnu-tools-for-stm32.13.3.rel1.linux64_1.0.0.202410170706/tools/bin/../lib/gcc/arm-none-eabi/13.3.1/thumb/v7e-m+fp/hard/libgcc.a
LOAD /opt/st/stm32cubeide_1.19.0/plugins/com.st.stm32cube.ide.mcu.externaltools.gnu-tools-for-stm32.13.3.rel1.linux64_1.0.0.202410170706/tools/bin/../lib/gcc/arm-none-eabi/13.3.1/../../../../arm-none-eabi/lib/thumb/v7e-m+fp/hard/libc_nano.a
END GROUP
START GROUP
LOAD /opt/st/stm32cubeide_1.19.0/plugins/com.st.stm32cube.ide.mcu.externaltools.gnu-tools-for-stm32.13.3.rel1.linux64_1.0.0.202410170706/tools/bin/../lib/gcc/arm-none-eabi/13.3.1/thumb/v7e-m+fp/hard/libgcc.a
LOAD /opt/st/stm32cubeide_1.19.0/plugins/com.st.stm32cube.ide.mcu.externaltools.gnu-tools-for-stm32.13.3.rel1.linux64_1.0.0.202410170706/tools/bin/../lib/gcc/arm-none-eabi/13.3.1/../../../../arm-none-eabi/lib/thumb/v7e-m+fp/hard/libc_nano.a
LOAD /opt/st/stm32cubeide_1.19.0/plugins/com.st.stm32cube.ide.mcu.externaltools.gnu-tools-for-stm32.13.3.rel1.linux64_1.0.0.202410170706/tools/bin/../lib/gcc/arm-none-eabi/13.3.1/../../../../arm-none-eabi/lib/thumb/v7e-m+fp/hard/libnosys.a
END GROUP
START GROUP
LOAD /opt/st/stm32cubeide_1.19.0/plugins/com.st.stm32cube.ide.mcu.externaltools.gnu-tools-for-stm32.13.3.rel1.linux64_1.0.0.202410170706/tools/bin/../lib/gcc/arm-none-eabi/13.3.1/thumb/v7e-m+fp/hard/libgcc.a
LOAD /opt/st/stm32cubeide_1.19.0/plugins/com.st.stm32cube.ide.mcu.externaltools.gnu-tools-for-stm32.13.3.rel1.linux64_1.0.0.202410170706/tools/bin/../lib/gcc/arm-none-eabi/13.3.1/../../../../arm-none-eabi/lib/thumb/v7e-m+fp/hard/libc_nano.a
LOAD /opt/st/stm32cubeide_1.19.0/plugins/com.st.stm32cube.ide.mcu.externaltools.gnu-tools-for-stm32.13.3.rel1.linux64_1.0.0.202410170706/tools/bin/../lib/gcc/arm-none-eabi/13.3.1/../../../../arm-none-eabi/lib/thumb/v7e-m+fp/hard/libnosys.a
END GROUP
LOAD /opt/st/stm32cubeide_1.19.0/plugins/com.st.stm32cube.ide.mcu.externaltools.gnu-tools-for-stm32.13.3.rel1.linux64_1.0.0.202410170706/tools/bin/../lib/gcc/arm-none-eabi/13.3.1/thumb/v7e-m+fp/hard/crtend.o
LOAD /opt/st/stm32cubeide_1.19.0/plugins/com.st.stm32cube.ide.mcu.externaltools.gnu-tools-for-stm32.13.3.rel1.linux64_1.0.0.202410170706/tools/bin/../lib/gcc/arm-none-eabi/13.3.1/thumb/v7e-m+fp/hard/crtn.o
                0x20008000                        _estack = (ORIGIN (RAM) + LENGTH (RAM))
                0x00000200                        _Min_Heap_Size = 0x200
                0x00000400                        _Min_Stack_Size = 0x400

.isr_vector     0x08000000      0x1d8
                0x08000000                        . = ALIGN (0x4)
 *(.isr_vector)
 .isr_vector    0x08000000      0x1d8 ./Core/Startup/startup_stm32g431cbux.o
                0x08000000                g_pfnVectors
                0x080001d8                        . = ALIGN (0x4)

.text           0x080001e0     0x6bec
                0x080001e0                        . = ALIGN (0x4)
 *(.text)
 .text          0x080001e0       0x40 /opt/st/stm32cubeide_1.19.0/plugins/com.st.stm32cube.ide.mcu.externaltools.gnu-tools-for-stm32.13.3.rel1.linux64_1.0.0.202410170706/tools/bin/../lib/gcc/arm-none-eabi/13.3.1/thumb/v7e-m+fp/hard/crtbegin.o
 .text          0x08000220       0xa0 /opt/st/stm32cubeide_1.19.0/plugins/com.st.stm32cube.ide.mcu.externaltools.gnu-tools-for-stm32.13.3.rel1.linux64_1.0.0.202410170706/tools/bin/../lib/gcc/arm-none-eabi/13.3.1/../../../../arm-none-eabi/lib/thumb/v7e-m+fp/hard/libc_nano.a(libc_a-memchr.o)
                0x08000220                memchr
 *(.text*)
 .text.ITM_SendChar
                0x080002c0       0x4e ./Core/Src/main.o
 *fill*         0x0800030e        0x2 
 .text.HAL_GPIO_EXTI_Callback
                0x08000310       0x54 ./Core/Src/main.o
                0x08000310                HAL_GPIO_EXTI_Callback
 .text._write   0x08000364       0x38 ./Core/Src/main.o
                0x08000364                _write
 .text.main     0x0800039c      0x16c ./Core/Src/main.o
                0x0800039c                main
 .text.SystemClock_Config
                0x08000508       0xb8 ./Core/Src/main.o
                0x08000508                SystemClock_Config
 .text.MX_DAC1_Init
                0x080005c0       0x88 ./Core/Src/main.o
 .text.MX_I2C1_Init
                0x08000648       0x80 ./Core/Src/main.o
 .text.MX_RTC_Init
                0x080006c8       0x58 ./Core/Src/main.o
 .text.MX_SPI2_Init
                0x08000720       0x7c ./Core/Src/main.o
 .text.MX_GPIO_Init
                0x0800079c      0x154 ./Core/Src/main.o
 .text.SERV_Flash_EraseStructInit
                0x080008f0       0x24 ./Core/Src/main.o
                0x080008f0                SERV_Flash_EraseStructInit
 .text.HMI_Input_EncodersStructInit
                0x08000914       0x70 ./Core/Src/main.o
                0x08000914                HMI_Input_EncodersStructInit
 .text.HMI_Display_GraphBarsStructInit
                0x08000984       0xdc ./Core/Src/main.o
                0x08000984                HMI_Display_GraphBarsStructInit
 .text.HMI_Input
                0x08000a60      0x1a8 ./Core/Src/main.o
                0x08000a60                HMI_Input
 .text.HMI_Display_StartPage
                0x08000c08       0xd8 ./Core/Src/main.o
                0x08000c08                HMI_Display_StartPage
 .text.HMI_Display_MeasPage
                0x08000ce0      0x2a8 ./Core/Src/main.o
                0x08000ce0                HMI_Display_MeasPage
 .text.RPS_VAW_Conversion
                0x08000f88       0x30 ./Core/Src/main.o
                0x08000f88                RPS_VAW_Conversion
 .text.RPS_Save_FBTableVolt
                0x08000fb8      0x1a8 ./Core/Src/main.o
                0x08000fb8                RPS_Save_FBTableVolt
 .text.RPS_Save_FBTableCurr
                0x08001160      0x188 ./Core/Src/main.o
                0x08001160                RPS_Save_FBTableCurr
 .text.Error_Handler
                0x080012e8        0xc ./Core/Src/main.o
                0x080012e8                Error_Handler
 .text.HAL_MspInit
                0x080012f4       0x58 ./Core/Src/stm32g4xx_hal_msp.o
                0x080012f4                HAL_MspInit
 .text.HAL_DAC_MspInit
                0x0800134c       0x7c ./Core/Src/stm32g4xx_hal_msp.o
                0x0800134c                HAL_DAC_MspInit
 .text.HAL_I2C_MspInit
                0x080013c8       0xec ./Core/Src/stm32g4xx_hal_msp.o
                0x080013c8                HAL_I2C_MspInit
 .text.HAL_RTC_MspInit
                0x080014b4       0x78 ./Core/Src/stm32g4xx_hal_msp.o
                0x080014b4                HAL_RTC_MspInit
 .text.HAL_SPI_MspInit
                0x0800152c       0x88 ./Core/Src/stm32g4xx_hal_msp.o
                0x0800152c                HAL_SPI_MspInit
 .text.NMI_Handler
                0x080015b4        0xc ./Core/Src/stm32g4xx_it.o
                0x080015b4                NMI_Handler
 .text.HardFault_Handler
                0x080015c0        0x8 ./Core/Src/stm32g4xx_it.o
                0x080015c0                HardFault_Handler
 .text.MemManage_Handler
                0x080015c8        0x8 ./Core/Src/stm32g4xx_it.o
                0x080015c8                MemManage_Handler
 .text.BusFault_Handler
                0x080015d0        0x8 ./Core/Src/stm32g4xx_it.o
                0x080015d0                BusFault_Handler
 .text.UsageFault_Handler
                0x080015d8        0x8 ./Core/Src/stm32g4xx_it.o
                0x080015d8                UsageFault_Handler
 .text.SVC_Handler
                0x080015e0        0xe ./Core/Src/stm32g4xx_it.o
                0x080015e0                SVC_Handler
 .text.DebugMon_Handler
                0x080015ee        0xe ./Core/Src/stm32g4xx_it.o
                0x080015ee                DebugMon_Handler
 .text.PendSV_Handler
                0x080015fc        0xe ./Core/Src/stm32g4xx_it.o
                0x080015fc                PendSV_Handler
 .text.SysTick_Handler
                0x0800160a        0xc ./Core/Src/stm32g4xx_it.o
                0x0800160a                SysTick_Handler
 .text.EXTI0_IRQHandler
                0x08001616        0xe ./Core/Src/stm32g4xx_it.o
                0x08001616                EXTI0_IRQHandler
 .text.EXTI1_IRQHandler
                0x08001624        0xe ./Core/Src/stm32g4xx_it.o
                0x08001624                EXTI1_IRQHandler
 .text.EXTI2_IRQHandler
                0x08001632        0xe ./Core/Src/stm32g4xx_it.o
                0x08001632                EXTI2_IRQHandler
 .text._read    0x08001640       0x3a ./Core/Src/syscalls.o
                0x08001640                _read
 .text._close   0x0800167a       0x18 ./Core/Src/syscalls.o
                0x0800167a                _close
 .text._fstat   0x08001692       0x20 ./Core/Src/syscalls.o
                0x08001692                _fstat
 .text._isatty  0x080016b2       0x16 ./Core/Src/syscalls.o
                0x080016b2                _isatty
 .text._lseek   0x080016c8       0x1a ./Core/Src/syscalls.o
                0x080016c8                _lseek
 *fill*         0x080016e2        0x2 
 .text._sbrk    0x080016e4       0x6c ./Core/Src/sysmem.o
                0x080016e4                _sbrk
 .text.SystemInit
                0x08001750       0x24 ./Core/Src/system_stm32g4xx.o
                0x08001750                SystemInit
 .text.Reset_Handler
                0x08001774       0x50 ./Core/Startup/startup_stm32g431cbux.o
                0x08001774                Reset_Handler
 .text.Default_Handler
                0x080017c4        0x2 ./Core/Startup/startup_stm32g431cbux.o
                0x080017c4                RTC_Alarm_IRQHandler
                0x080017c4                TIM8_TRG_COM_IRQHandler
                0x080017c4                TIM8_CC_IRQHandler
                0x080017c4                TIM1_CC_IRQHandler
                0x080017c4                USB_HP_IRQHandler
                0x080017c4                CORDIC_IRQHandler
                0x080017c4                EXTI3_IRQHandler
                0x080017c4                I2C3_ER_IRQHandler
                0x080017c4                I2C2_EV_IRQHandler
                0x080017c4                FPU_IRQHandler
                0x080017c4                FDCAN1_IT1_IRQHandler
                0x080017c4                TIM1_UP_TIM16_IRQHandler
                0x080017c4                ADC1_2_IRQHandler
                0x080017c4                SPI1_IRQHandler
                0x080017c4                TIM6_DAC_IRQHandler
                0x080017c4                TIM8_UP_IRQHandler
                0x080017c4                DMA2_Channel2_IRQHandler
                0x080017c4                DMA1_Channel4_IRQHandler
                0x080017c4                USART3_IRQHandler
                0x080017c4                TIM4_IRQHandler
                0x080017c4                DMA2_Channel1_IRQHandler
                0x080017c4                I2C1_EV_IRQHandler
                0x080017c4                DMA1_Channel6_IRQHandler
                0x080017c4                UART4_IRQHandler
                0x080017c4                DMA2_Channel4_IRQHandler
                0x080017c4                TIM3_IRQHandler
                0x080017c4                RCC_IRQHandler
                0x080017c4                DMA1_Channel1_IRQHandler
                0x080017c4                Default_Handler
                0x080017c4                RTC_TAMP_LSECSS_IRQHandler
                0x080017c4                FMAC_IRQHandler
                0x080017c4                EXTI15_10_IRQHandler
                0x080017c4                TIM7_IRQHandler
                0x080017c4                UCPD1_IRQHandler
                0x080017c4                I2C3_EV_IRQHandler
                0x080017c4                EXTI9_5_IRQHandler
                0x080017c4                RTC_WKUP_IRQHandler
                0x080017c4                PVD_PVM_IRQHandler
                0x080017c4                SPI2_IRQHandler
                0x080017c4                DMA2_Channel5_IRQHandler
                0x080017c4                CRS_IRQHandler
                0x080017c4                DMA1_Channel5_IRQHandler
                0x080017c4                USB_LP_IRQHandler
                0x080017c4                EXTI4_IRQHandler
                0x080017c4                RNG_IRQHandler
                0x080017c4                TIM1_TRG_COM_TIM17_IRQHandler
                0x080017c4                DMA1_Channel3_IRQHandler
                0x080017c4                WWDG_IRQHandler
                0x080017c4                LPUART1_IRQHandler
                0x080017c4                DMA2_Channel6_IRQHandler
                0x080017c4                FDCAN1_IT0_IRQHandler
                0x080017c4                TIM2_IRQHandler
                0x080017c4                COMP1_2_3_IRQHandler
                0x080017c4                USART2_IRQHandler
                0x080017c4                I2C2_ER_IRQHandler
                0x080017c4                DMA1_Channel2_IRQHandler
                0x080017c4                TIM8_BRK_IRQHandler
                0x080017c4                FLASH_IRQHandler
                0x080017c4                USART1_IRQHandler
                0x080017c4                SPI3_IRQHandler
                0x080017c4                I2C1_ER_IRQHandler
                0x080017c4                LPTIM1_IRQHandler
                0x080017c4                DMAMUX_OVR_IRQHandler
                0x080017c4                USBWakeUp_IRQHandler
                0x080017c4                SAI1_IRQHandler
                0x080017c4                DMA2_Channel3_IRQHandler
                0x080017c4                COMP4_IRQHandler
                0x080017c4                TIM1_BRK_TIM15_IRQHandler
 .text.HAL_Init
                0x080017c6       0x30 ./Drivers/STM32G4xx_HAL_Driver/Src/stm32g4xx_hal.o
                0x080017c6                HAL_Init
 *fill*         0x080017f6        0x2 
 .text.HAL_InitTick
                0x080017f8       0x74 ./Drivers/STM32G4xx_HAL_Driver/Src/stm32g4xx_hal.o
                0x080017f8                HAL_InitTick
 .text.HAL_IncTick
                0x0800186c       0x24 ./Drivers/STM32G4xx_HAL_Driver/Src/stm32g4xx_hal.o
                0x0800186c                HAL_IncTick
 .text.HAL_GetTick
                0x08001890       0x18 ./Drivers/STM32G4xx_HAL_Driver/Src/stm32g4xx_hal.o
                0x08001890                HAL_GetTick
 .text.HAL_Delay
                0x080018a8       0x44 ./Drivers/STM32G4xx_HAL_Driver/Src/stm32g4xx_hal.o
                0x080018a8                HAL_Delay
 .text.HAL_SYSCFG_VREFBUF_VoltageScalingConfig
                0x080018ec       0x28 ./Drivers/STM32G4xx_HAL_Driver/Src/stm32g4xx_hal.o
                0x080018ec                HAL_SYSCFG_VREFBUF_VoltageScalingConfig
 .text.HAL_SYSCFG_VREFBUF_HighImpedanceConfig
                0x08001914       0x28 ./Drivers/STM32G4xx_HAL_Driver/Src/stm32g4xx_hal.o
                0x08001914                HAL_SYSCFG_VREFBUF_HighImpedanceConfig
 .text.HAL_SYSCFG_EnableVREFBUF
                0x0800193c       0x48 ./Drivers/STM32G4xx_HAL_Driver/Src/stm32g4xx_hal.o
                0x0800193c                HAL_SYSCFG_EnableVREFBUF
 .text.__NVIC_SetPriorityGrouping
                0x08001984       0x48 ./Drivers/STM32G4xx_HAL_Driver/Src/stm32g4xx_hal_cortex.o
 .text.__NVIC_GetPriorityGrouping
                0x080019cc       0x1c ./Drivers/STM32G4xx_HAL_Driver/Src/stm32g4xx_hal_cortex.o
 .text.__NVIC_EnableIRQ
                0x080019e8       0x3c ./Drivers/STM32G4xx_HAL_Driver/Src/stm32g4xx_hal_cortex.o
 .text.__NVIC_SetPriority
                0x08001a24       0x54 ./Drivers/STM32G4xx_HAL_Driver/Src/stm32g4xx_hal_cortex.o
 .text.NVIC_EncodePriority
                0x08001a78       0x66 ./Drivers/STM32G4xx_HAL_Driver/Src/stm32g4xx_hal_cortex.o
 *fill*         0x08001ade        0x2 
 .text.SysTick_Config
                0x08001ae0       0x44 ./Drivers/STM32G4xx_HAL_Driver/Src/stm32g4xx_hal_cortex.o
 .text.HAL_NVIC_SetPriorityGrouping
                0x08001b24       0x16 ./Drivers/STM32G4xx_HAL_Driver/Src/stm32g4xx_hal_cortex.o
                0x08001b24                HAL_NVIC_SetPriorityGrouping
 .text.HAL_NVIC_SetPriority
                0x08001b3a       0x34 ./Drivers/STM32G4xx_HAL_Driver/Src/stm32g4xx_hal_cortex.o
                0x08001b3a                HAL_NVIC_SetPriority
 .text.HAL_NVIC_EnableIRQ
                0x08001b6e       0x1c ./Drivers/STM32G4xx_HAL_Driver/Src/stm32g4xx_hal_cortex.o
                0x08001b6e                HAL_NVIC_EnableIRQ
 .text.HAL_SYSTICK_Config
                0x08001b8a       0x18 ./Drivers/STM32G4xx_HAL_Driver/Src/stm32g4xx_hal_cortex.o
                0x08001b8a                HAL_SYSTICK_Config
 .text.HAL_DAC_Init
                0x08001ba2       0x44 ./Drivers/STM32G4xx_HAL_Driver/Src/stm32g4xx_hal_dac.o
                0x08001ba2                HAL_DAC_Init
 *fill*         0x08001be6        0x2 
 .text.HAL_DAC_Start
                0x08001be8       0xd8 ./Drivers/STM32G4xx_HAL_Driver/Src/stm32g4xx_hal_dac.o
                0x08001be8                HAL_DAC_Start
 .text.HAL_DAC_SetValue
                0x08001cc0       0x5a ./Drivers/STM32G4xx_HAL_Driver/Src/stm32g4xx_hal_dac.o
                0x08001cc0                HAL_DAC_SetValue
 *fill*         0x08001d1a        0x2 
 .text.HAL_DAC_ConfigChannel
                0x08001d1c      0x374 ./Drivers/STM32G4xx_HAL_Driver/Src/stm32g4xx_hal_dac.o
                0x08001d1c                HAL_DAC_ConfigChannel
 .text.HAL_FLASH_Program
                0x08002090       0xd8 ./Drivers/STM32G4xx_HAL_Driver/Src/stm32g4xx_hal_flash.o
                0x08002090                HAL_FLASH_Program
 .text.HAL_FLASH_Unlock
                0x08002168       0x44 ./Drivers/STM32G4xx_HAL_Driver/Src/stm32g4xx_hal_flash.o
                0x08002168                HAL_FLASH_Unlock
 .text.HAL_FLASH_Lock
                0x080021ac       0x34 ./Drivers/STM32G4xx_HAL_Driver/Src/stm32g4xx_hal_flash.o
                0x080021ac                HAL_FLASH_Lock
 .text.FLASH_WaitForLastOperation
                0x080021e0       0xa4 ./Drivers/STM32G4xx_HAL_Driver/Src/stm32g4xx_hal_flash.o
                0x080021e0                FLASH_WaitForLastOperation
 .text.FLASH_Program_DoubleWord
                0x08002284       0x4c ./Drivers/STM32G4xx_HAL_Driver/Src/stm32g4xx_hal_flash.o
 .text.FLASH_Program_Fast
                0x080022d0       0x6c ./Drivers/STM32G4xx_HAL_Driver/Src/stm32g4xx_hal_flash.o
 .text.HAL_FLASHEx_Erase
                0x0800233c      0x130 ./Drivers/STM32G4xx_HAL_Driver/Src/stm32g4xx_hal_flash_ex.o
                0x0800233c                HAL_FLASHEx_Erase
 .text.FLASH_MassErase
                0x0800246c       0x3c ./Drivers/STM32G4xx_HAL_Driver/Src/stm32g4xx_hal_flash_ex.o
 .text.FLASH_PageErase
                0x080024a8       0x48 ./Drivers/STM32G4xx_HAL_Driver/Src/stm32g4xx_hal_flash_ex.o
                0x080024a8                FLASH_PageErase
 .text.FLASH_FlushCaches
                0x080024f0       0x94 ./Drivers/STM32G4xx_HAL_Driver/Src/stm32g4xx_hal_flash_ex.o
                0x080024f0                FLASH_FlushCaches
 .text.HAL_GPIO_Init
                0x08002584      0x304 ./Drivers/STM32G4xx_HAL_Driver/Src/stm32g4xx_hal_gpio.o
                0x08002584                HAL_GPIO_Init
 .text.HAL_GPIO_ReadPin
                0x08002888       0x30 ./Drivers/STM32G4xx_HAL_Driver/Src/stm32g4xx_hal_gpio.o
                0x08002888                HAL_GPIO_ReadPin
 .text.HAL_GPIO_WritePin
                0x080028b8       0x30 ./Drivers/STM32G4xx_HAL_Driver/Src/stm32g4xx_hal_gpio.o
                0x080028b8                HAL_GPIO_WritePin
 .text.HAL_GPIO_TogglePin
                0x080028e8       0x34 ./Drivers/STM32G4xx_HAL_Driver/Src/stm32g4xx_hal_gpio.o
                0x080028e8                HAL_GPIO_TogglePin
 .text.HAL_GPIO_EXTI_IRQHandler
                0x0800291c       0x30 ./Drivers/STM32G4xx_HAL_Driver/Src/stm32g4xx_hal_gpio.o
                0x0800291c                HAL_GPIO_EXTI_IRQHandler
 .text.HAL_I2C_Init
                0x0800294c      0x136 ./Drivers/STM32G4xx_HAL_Driver/Src/stm32g4xx_hal_i2c.o
                0x0800294c                HAL_I2C_Init
 *fill*         0x08002a82        0x2 
 .text.HAL_I2C_Master_Transmit
                0x08002a84      0x230 ./Drivers/STM32G4xx_HAL_Driver/Src/stm32g4xx_hal_i2c.o
                0x08002a84                HAL_I2C_Master_Transmit
 .text.HAL_I2C_Master_Receive
                0x08002cb4      0x1ec ./Drivers/STM32G4xx_HAL_Driver/Src/stm32g4xx_hal_i2c.o
                0x08002cb4                HAL_I2C_Master_Receive
 .text.HAL_I2C_IsDeviceReady
                0x08002ea0      0x1d8 ./Drivers/STM32G4xx_HAL_Driver/Src/stm32g4xx_hal_i2c.o
                0x08002ea0                HAL_I2C_IsDeviceReady
 .text.I2C_Flush_TXDR
                0x08003078       0x48 ./Drivers/STM32G4xx_HAL_Driver/Src/stm32g4xx_hal_i2c.o
 .text.I2C_WaitOnFlagUntilTimeout
                0x080030c0       0xb2 ./Drivers/STM32G4xx_HAL_Driver/Src/stm32g4xx_hal_i2c.o
 .text.I2C_WaitOnTXISFlagUntilTimeout
                0x08003172       0x8e ./Drivers/STM32G4xx_HAL_Driver/Src/stm32g4xx_hal_i2c.o
 .text.I2C_WaitOnSTOPFlagUntilTimeout
                0x08003200       0x86 ./Drivers/STM32G4xx_HAL_Driver/Src/stm32g4xx_hal_i2c.o
 *fill*         0x08003286        0x2 
 .text.I2C_WaitOnRXNEFlagUntilTimeout
                0x08003288      0x118 ./Drivers/STM32G4xx_HAL_Driver/Src/stm32g4xx_hal_i2c.o
 .text.I2C_IsErrorOccurred
                0x080033a0      0x1c0 ./Drivers/STM32G4xx_HAL_Driver/Src/stm32g4xx_hal_i2c.o
 .text.I2C_TransferConfig
                0x08003560       0x64 ./Drivers/STM32G4xx_HAL_Driver/Src/stm32g4xx_hal_i2c.o
 .text.HAL_I2CEx_ConfigAnalogFilter
                0x080035c4       0x96 ./Drivers/STM32G4xx_HAL_Driver/Src/stm32g4xx_hal_i2c_ex.o
                0x080035c4                HAL_I2CEx_ConfigAnalogFilter
 .text.HAL_I2CEx_ConfigDigitalFilter
                0x0800365a       0x98 ./Drivers/STM32G4xx_HAL_Driver/Src/stm32g4xx_hal_i2c_ex.o
                0x0800365a                HAL_I2CEx_ConfigDigitalFilter
 *fill*         0x080036f2        0x2 
 .text.HAL_PWR_EnableBkUpAccess
                0x080036f4       0x20 ./Drivers/STM32G4xx_HAL_Driver/Src/stm32g4xx_hal_pwr.o
                0x080036f4                HAL_PWR_EnableBkUpAccess
 .text.HAL_PWREx_ControlVoltageScaling
                0x08003714      0x148 ./Drivers/STM32G4xx_HAL_Driver/Src/stm32g4xx_hal_pwr_ex.o
                0x08003714                HAL_PWREx_ControlVoltageScaling
 .text.HAL_PWREx_DisableUCPDDeadBattery
                0x0800385c       0x20 ./Drivers/STM32G4xx_HAL_Driver/Src/stm32g4xx_hal_pwr_ex.o
                0x0800385c                HAL_PWREx_DisableUCPDDeadBattery
 .text.HAL_RCC_OscConfig
                0x0800387c      0x624 ./Drivers/STM32G4xx_HAL_Driver/Src/stm32g4xx_hal_rcc.o
                0x0800387c                HAL_RCC_OscConfig
 .text.HAL_RCC_ClockConfig
                0x08003ea0      0x278 ./Drivers/STM32G4xx_HAL_Driver/Src/stm32g4xx_hal_rcc.o
                0x08003ea0                HAL_RCC_ClockConfig
 .text.HAL_RCC_GetSysClockFreq
                0x08004118       0xc4 ./Drivers/STM32G4xx_HAL_Driver/Src/stm32g4xx_hal_rcc.o
                0x08004118                HAL_RCC_GetSysClockFreq
 .text.HAL_RCC_GetHCLKFreq
                0x080041dc       0x18 ./Drivers/STM32G4xx_HAL_Driver/Src/stm32g4xx_hal_rcc.o
                0x080041dc                HAL_RCC_GetHCLKFreq
 .text.HAL_RCC_EnableCSS
                0x080041f4       0x20 ./Drivers/STM32G4xx_HAL_Driver/Src/stm32g4xx_hal_rcc.o
                0x080041f4                HAL_RCC_EnableCSS
 .text.HAL_RCC_EnableLSECSS
                0x08004214       0x24 ./Drivers/STM32G4xx_HAL_Driver/Src/stm32g4xx_hal_rcc.o
                0x08004214                HAL_RCC_EnableLSECSS
 .text.HAL_RCC_NMI_IRQHandler
                0x08004238       0x28 ./Drivers/STM32G4xx_HAL_Driver/Src/stm32g4xx_hal_rcc.o
                0x08004238                HAL_RCC_NMI_IRQHandler
 .text.HAL_RCC_CSSCallback
                0x08004260        0xe ./Drivers/STM32G4xx_HAL_Driver/Src/stm32g4xx_hal_rcc.o
                0x08004260                HAL_RCC_CSSCallback
 *fill*         0x0800426e        0x2 
 .text.RCC_GetSysClockFreqFromPLLSource
                0x08004270       0x8c ./Drivers/STM32G4xx_HAL_Driver/Src/stm32g4xx_hal_rcc.o
 .text.HAL_RCCEx_PeriphCLKConfig
                0x080042fc      0x3e0 ./Drivers/STM32G4xx_HAL_Driver/Src/stm32g4xx_hal_rcc_ex.o
                0x080042fc                HAL_RCCEx_PeriphCLKConfig
 .text.HAL_RTC_Init
                0x080046dc       0xfe ./Drivers/STM32G4xx_HAL_Driver/Src/stm32g4xx_hal_rtc.o
                0x080046dc                HAL_RTC_Init
 *fill*         0x080047da        0x2 
 .text.HAL_RTC_WaitForSynchro
                0x080047dc       0x48 ./Drivers/STM32G4xx_HAL_Driver/Src/stm32g4xx_hal_rtc.o
                0x080047dc                HAL_RTC_WaitForSynchro
 .text.RTC_EnterInitMode
                0x08004824       0x6c ./Drivers/STM32G4xx_HAL_Driver/Src/stm32g4xx_hal_rtc.o
                0x08004824                RTC_EnterInitMode
 .text.RTC_ExitInitMode
                0x08004890       0x86 ./Drivers/STM32G4xx_HAL_Driver/Src/stm32g4xx_hal_rtc.o
                0x08004890                RTC_ExitInitMode
 .text.HAL_SPI_Init
                0x08004916      0x156 ./Drivers/STM32G4xx_HAL_Driver/Src/stm32g4xx_hal_spi.o
                0x08004916                HAL_SPI_Init
 .text.HAL_SPI_Transmit
                0x08004a6c      0x2ec ./Drivers/STM32G4xx_HAL_Driver/Src/stm32g4xx_hal_spi.o
                0x08004a6c                HAL_SPI_Transmit
 .text.SPI_WaitFlagStateUntilTimeout
                0x08004d58      0x110 ./Drivers/STM32G4xx_HAL_Driver/Src/stm32g4xx_hal_spi.o
 .text.SPI_WaitFifoStateUntilTimeout
                0x08004e68      0x12c ./Drivers/STM32G4xx_HAL_Driver/Src/stm32g4xx_hal_spi.o
 .text.SPI_EndRxTxTransaction
                0x08004f94       0x8c ./Drivers/STM32G4xx_HAL_Driver/Src/stm32g4xx_hal_spi.o
 .text.__NVIC_EnableIRQ
                0x08005020       0x3c ./Usr libs/STM32_Library_Encoder/M_ENC.o
 .text.__NVIC_DisableIRQ
                0x0800505c       0x48 ./Usr libs/STM32_Library_Encoder/M_ENC.o
 .text.MENC_ClickHandlerIRQ
                0x080050a4       0x42 ./Usr libs/STM32_Library_Encoder/M_ENC.o
                0x080050a4                MENC_ClickHandlerIRQ
 .text.MENC_TurnHandlerIRQ
                0x080050e6       0x48 ./Usr libs/STM32_Library_Encoder/M_ENC.o
                0x080050e6                MENC_TurnHandlerIRQ
 .text.MENC_MainHandler
                0x0800512e       0xd2 ./Usr libs/STM32_Library_Encoder/M_ENC.o
                0x0800512e                MENC_MainHandler
 .text.MENC_TurnRight
                0x08005200       0x38 ./Usr libs/STM32_Library_Encoder/M_ENC.o
                0x08005200                MENC_TurnRight
 .text.MENC_TurnLeft
                0x08005238       0x3c ./Usr libs/STM32_Library_Encoder/M_ENC.o
                0x08005238                MENC_TurnLeft
 .text.MENC_Click
                0x08005274       0x3c ./Usr libs/STM32_Library_Encoder/M_ENC.o
                0x08005274                MENC_Click
 .text.INA_Transmit
                0x080052b0       0x44 ./Usr libs/STM32_Library_INA226/M_INA226.o
 .text.INA_Receive
                0x080052f4       0x4c ./Usr libs/STM32_Library_INA226/M_INA226.o
 .text.INA_SetCalVal
                0x08005340       0x28 ./Usr libs/STM32_Library_INA226/M_INA226.o
                0x08005340                INA_SetCalVal
 .text.INA_GetPower
                0x08005368       0x3c ./Usr libs/STM32_Library_INA226/M_INA226.o
                0x08005368                INA_GetPower
 .text.INA_GetBusVoltageTiny
                0x080053a4       0x1e ./Usr libs/STM32_Library_INA226/M_INA226.o
                0x080053a4                INA_GetBusVoltageTiny
 *fill*         0x080053c2        0x2 
 .text.INA_GetCurrentTiny
                0x080053c4       0x6c ./Usr libs/STM32_Library_INA226/M_INA226.o
                0x080053c4                INA_GetCurrentTiny
 .text.INA_GetPowerTiny
                0x08005430       0x34 ./Usr libs/STM32_Library_INA226/M_INA226.o
                0x08005430                INA_GetPowerTiny
 .text.INA_Init
                0x08005464       0x64 ./Usr libs/STM32_Library_INA226/M_INA226.o
                0x08005464                INA_Init
 .text.MGL_FillRect
                0x080054c8       0x9c ./Usr libs/STM32_Library_My_Graphic_Library/MGL.o
                0x080054c8                MGL_FillRect
 .text.MGL_DrawRect
                0x08005564       0xa0 ./Usr libs/STM32_Library_My_Graphic_Library/MGL.o
                0x08005564                MGL_DrawRect
 .text.MGL_PrintChar_5x8
                0x08005604       0xf0 ./Usr libs/STM32_Library_My_Graphic_Library/MGL.o
                0x08005604                MGL_PrintChar_5x8
 .text.MGL_PrintChar_17x24
                0x080056f4      0x13c ./Usr libs/STM32_Library_My_Graphic_Library/MGL.o
                0x080056f4                MGL_PrintChar_17x24
 .text.MGL_PrintStr_5x8
                0x08005830       0x6c ./Usr libs/STM32_Library_My_Graphic_Library/MGL.o
                0x08005830                MGL_PrintStr_5x8
 .text.MGL_PrintStr_17x24
                0x0800589c       0x8c ./Usr libs/STM32_Library_My_Graphic_Library/MGL.o
                0x0800589c                MGL_PrintStr_17x24
 .text.MGL_PrintUintR
                0x08005928      0x150 ./Usr libs/STM32_Library_My_Graphic_Library/MGL.o
                0x08005928                MGL_PrintUintR
 .text.MGL_PrintFloatTinyR
                0x08005a78      0x188 ./Usr libs/STM32_Library_My_Graphic_Library/MGL.o
                0x08005a78                MGL_PrintFloatTinyR
 .text.MGL_DrawBar
                0x08005c00      0x17c ./Usr libs/STM32_Library_My_Graphic_Library/MGL.o
                0x08005c00                MGL_DrawBar
 .text.ST7735_Reset
                0x08005d7c       0x2a ./Usr libs/STM32_Library_My_Graphic_Library/st7735_driver/st7735.o
                0x08005d7c                ST7735_Reset
 *fill*         0x08005da6        0x2 
 .text.ST7735_WriteCommand
                0x08005da8       0x34 ./Usr libs/STM32_Library_My_Graphic_Library/st7735_driver/st7735.o
                0x08005da8                ST7735_WriteCommand
 .text.ST7735_WriteData
                0x08005ddc       0x38 ./Usr libs/STM32_Library_My_Graphic_Library/st7735_driver/st7735.o
                0x08005ddc                ST7735_WriteData
 .text.ST7735_SetAddressWindow
                0x08005e14       0x68 ./Usr libs/STM32_Library_My_Graphic_Library/st7735_driver/st7735.o
                0x08005e14                ST7735_SetAddressWindow
 .text.ST7735_ExecuteCommandList
                0x08005e7c       0x92 ./Usr libs/STM32_Library_My_Graphic_Library/st7735_driver/st7735.o
 *fill*         0x08005f0e        0x2 
 .text.ST7735_Init
                0x08005f10       0x48 ./Usr libs/STM32_Library_My_Graphic_Library/st7735_driver/st7735.o
                0x08005f10                ST7735_Init
 .text.std      0x08005f58       0x6c /opt/st/stm32cubeide_1.19.0/plugins/com.st.stm32cube.ide.mcu.externaltools.gnu-tools-for-stm32.13.3.rel1.linux64_1.0.0.202410170706/tools/bin/../lib/gcc/arm-none-eabi/13.3.1/../../../../arm-none-eabi/lib/thumb/v7e-m+fp/hard/libc_nano.a(libc_a-findfp.o)
 .text.stdio_exit_handler
                0x08005fc4       0x18 /opt/st/stm32cubeide_1.19.0/plugins/com.st.stm32cube.ide.mcu.externaltools.gnu-tools-for-stm32.13.3.rel1.linux64_1.0.0.202410170706/tools/bin/../lib/gcc/arm-none-eabi/13.3.1/../../../../arm-none-eabi/lib/thumb/v7e-m+fp/hard/libc_nano.a(libc_a-findfp.o)
 .text.cleanup_stdio
                0x08005fdc       0x40 /opt/st/stm32cubeide_1.19.0/plugins/com.st.stm32cube.ide.mcu.externaltools.gnu-tools-for-stm32.13.3.rel1.linux64_1.0.0.202410170706/tools/bin/../lib/gcc/arm-none-eabi/13.3.1/../../../../arm-none-eabi/lib/thumb/v7e-m+fp/hard/libc_nano.a(libc_a-findfp.o)
 .text.global_stdio_init.part.0
                0x0800601c       0x3c /opt/st/stm32cubeide_1.19.0/plugins/com.st.stm32cube.ide.mcu.externaltools.gnu-tools-for-stm32.13.3.rel1.linux64_1.0.0.202410170706/tools/bin/../lib/gcc/arm-none-eabi/13.3.1/../../../../arm-none-eabi/lib/thumb/v7e-m+fp/hard/libc_nano.a(libc_a-findfp.o)
 .text.__sfp_lock_acquire
                0x08006058        0xc /opt/st/stm32cubeide_1.19.0/plugins/com.st.stm32cube.ide.mcu.externaltools.gnu-tools-for-stm32.13.3.rel1.linux64_1.0.0.202410170706/tools/bin/../lib/gcc/arm-none-eabi/13.3.1/../../../../arm-none-eabi/lib/thumb/v7e-m+fp/hard/libc_nano.a(libc_a-findfp.o)
                0x08006058                __sfp_lock_acquire
 .text.__sfp_lock_release
                0x08006064        0xc /opt/st/stm32cubeide_1.19.0/plugins/com.st.stm32cube.ide.mcu.externaltools.gnu-tools-for-stm32.13.3.rel1.linux64_1.0.0.202410170706/tools/bin/../lib/gcc/arm-none-eabi/13.3.1/../../../../arm-none-eabi/lib/thumb/v7e-m+fp/hard/libc_nano.a(libc_a-findfp.o)
                0x08006064                __sfp_lock_release
 .text.__sinit  0x08006070       0x30 /opt/st/stm32cubeide_1.19.0/plugins/com.st.stm32cube.ide.mcu.externaltools.gnu-tools-for-stm32.13.3.rel1.linux64_1.0.0.202410170706/tools/bin/../lib/gcc/arm-none-eabi/13.3.1/../../../../arm-none-eabi/lib/thumb/v7e-m+fp/hard/libc_nano.a(libc_a-findfp.o)
                0x08006070                __sinit
 .text._fwalk_sglue
                0x080060a0       0x3c /opt/st/stm32cubeide_1.19.0/plugins/com.st.stm32cube.ide.mcu.externaltools.gnu-tools-for-stm32.13.3.rel1.linux64_1.0.0.202410170706/tools/bin/../lib/gcc/arm-none-eabi/13.3.1/../../../../arm-none-eabi/lib/thumb/v7e-m+fp/hard/libc_nano.a(libc_a-fwalk.o)
                0x080060a0                _fwalk_sglue
 .text.printf   0x080060dc       0x24 /opt/st/stm32cubeide_1.19.0/plugins/com.st.stm32cube.ide.mcu.externaltools.gnu-tools-for-stm32.13.3.rel1.linux64_1.0.0.202410170706/tools/bin/../lib/gcc/arm-none-eabi/13.3.1/../../../../arm-none-eabi/lib/thumb/v7e-m+fp/hard/libc_nano.a(libc_a-printf.o)
                0x080060dc                printf
                0x080060dc                iprintf
 .text.__sread  0x08006100       0x22 /opt/st/stm32cubeide_1.19.0/plugins/com.st.stm32cube.ide.mcu.externaltools.gnu-tools-for-stm32.13.3.rel1.linux64_1.0.0.202410170706/tools/bin/../lib/gcc/arm-none-eabi/13.3.1/../../../../arm-none-eabi/lib/thumb/v7e-m+fp/hard/libc_nano.a(libc_a-stdio.o)
                0x08006100                __sread
 .text.__swrite
                0x08006122       0x38 /opt/st/stm32cubeide_1.19.0/plugins/com.st.stm32cube.ide.mcu.externaltools.gnu-tools-for-stm32.13.3.rel1.linux64_1.0.0.202410170706/tools/bin/../lib/gcc/arm-none-eabi/13.3.1/../../../../arm-none-eabi/lib/thumb/v7e-m+fp/hard/libc_nano.a(libc_a-stdio.o)
                0x08006122                __swrite
 .text.__sseek  0x0800615a       0x24 /opt/st/stm32cubeide_1.19.0/plugins/com.st.stm32cube.ide.mcu.externaltools.gnu-tools-for-stm32.13.3.rel1.linux64_1.0.0.202410170706/tools/bin/../lib/gcc/arm-none-eabi/13.3.1/../../../../arm-none-eabi/lib/thumb/v7e-m+fp/hard/libc_nano.a(libc_a-stdio.o)
                0x0800615a                __sseek
 .text.__sclose
                0x0800617e        0x8 /opt/st/stm32cubeide_1.19.0/plugins/com.st.stm32cube.ide.mcu.externaltools.gnu-tools-for-stm32.13.3.rel1.linux64_1.0.0.202410170706/tools/bin/../lib/gcc/arm-none-eabi/13.3.1/../../../../arm-none-eabi/lib/thumb/v7e-m+fp/hard/libc_nano.a(libc_a-stdio.o)
                0x0800617e                __sclose
 .text.memset   0x08006186       0x10 /opt/st/stm32cubeide_1.19.0/plugins/com.st.stm32cube.ide.mcu.externaltools.gnu-tools-for-stm32.13.3.rel1.linux64_1.0.0.202410170706/tools/bin/../lib/gcc/arm-none-eabi/13.3.1/../../../../arm-none-eabi/lib/thumb/v7e-m+fp/hard/libc_nano.a(libc_a-memset.o)
                0x08006186                memset
 *fill*         0x08006196        0x2 
 .text._close_r
                0x08006198       0x20 /opt/st/stm32cubeide_1.19.0/plugins/com.st.stm32cube.ide.mcu.externaltools.gnu-tools-for-stm32.13.3.rel1.linux64_1.0.0.202410170706/tools/bin/../lib/gcc/arm-none-eabi/13.3.1/../../../../arm-none-eabi/lib/thumb/v7e-m+fp/hard/libc_nano.a(libc_a-closer.o)
                0x08006198                _close_r
 .text._lseek_r
                0x080061b8       0x24 /opt/st/stm32cubeide_1.19.0/plugins/com.st.stm32cube.ide.mcu.externaltools.gnu-tools-for-stm32.13.3.rel1.linux64_1.0.0.202410170706/tools/bin/../lib/gcc/arm-none-eabi/13.3.1/../../../../arm-none-eabi/lib/thumb/v7e-m+fp/hard/libc_nano.a(libc_a-lseekr.o)
                0x080061b8                _lseek_r
 .text._read_r  0x080061dc       0x24 /opt/st/stm32cubeide_1.19.0/plugins/com.st.stm32cube.ide.mcu.externaltools.gnu-tools-for-stm32.13.3.rel1.linux64_1.0.0.202410170706/tools/bin/../lib/gcc/arm-none-eabi/13.3.1/../../../../arm-none-eabi/lib/thumb/v7e-m+fp/hard/libc_nano.a(libc_a-readr.o)
                0x080061dc                _read_r
 .text._write_r
                0x08006200       0x24 /opt/st/stm32cubeide_1.19.0/plugins/com.st.stm32cube.ide.mcu.externaltools.gnu-tools-for-stm32.13.3.rel1.linux64_1.0.0.202410170706/tools/bin/../lib/gcc/arm-none-eabi/13.3.1/../../../../arm-none-eabi/lib/thumb/v7e-m+fp/hard/libc_nano.a(libc_a-writer.o)
                0x08006200                _write_r
 .text.__errno  0x08006224        0xc /opt/st/stm32cubeide_1.19.0/plugins/com.st.stm32cube.ide.mcu.externaltools.gnu-tools-for-stm32.13.3.rel1.linux64_1.0.0.202410170706/tools/bin/../lib/gcc/arm-none-eabi/13.3.1/../../../../arm-none-eabi/lib/thumb/v7e-m+fp/hard/libc_nano.a(libc_a-errno.o)
                0x08006224                __errno
 .text.__libc_init_array
                0x08006230       0x48 /opt/st/stm32cubeide_1.19.0/plugins/com.st.stm32cube.ide.mcu.externaltools.gnu-tools-for-stm32.13.3.rel1.linux64_1.0.0.202410170706/tools/bin/../lib/gcc/arm-none-eabi/13.3.1/../../../../arm-none-eabi/lib/thumb/v7e-m+fp/hard/libc_nano.a(libc_a-init.o)
                0x08006230                __libc_init_array
 .text.__retarget_lock_init_recursive
                0x08006278        0x2 /opt/st/stm32cubeide_1.19.0/plugins/com.st.stm32cube.ide.mcu.externaltools.gnu-tools-for-stm32.13.3.rel1.linux64_1.0.0.202410170706/tools/bin/../lib/gcc/arm-none-eabi/13.3.1/../../../../arm-none-eabi/lib/thumb/v7e-m+fp/hard/libc_nano.a(libc_a-lock.o)
                0x08006278                __retarget_lock_init_recursive
 .text.__retarget_lock_acquire_recursive
                0x0800627a        0x2 /opt/st/stm32cubeide_1.19.0/plugins/com.st.stm32cube.ide.mcu.externaltools.gnu-tools-for-stm32.13.3.rel1.linux64_1.0.0.202410170706/tools/bin/../lib/gcc/arm-none-eabi/13.3.1/../../../../arm-none-eabi/lib/thumb/v7e-m+fp/hard/libc_nano.a(libc_a-lock.o)
                0x0800627a                __retarget_lock_acquire_recursive
 .text.__retarget_lock_release_recursive
                0x0800627c        0x2 /opt/st/stm32cubeide_1.19.0/plugins/com.st.stm32cube.ide.mcu.externaltools.gnu-tools-for-stm32.13.3.rel1.linux64_1.0.0.202410170706/tools/bin/../lib/gcc/arm-none-eabi/13.3.1/../../../../arm-none-eabi/lib/thumb/v7e-m+fp/hard/libc_nano.a(libc_a-lock.o)
                0x0800627c                __retarget_lock_release_recursive
 *fill*         0x0800627e        0x2 
 .text._free_r  0x08006280       0x94 /opt/st/stm32cubeide_1.19.0/plugins/com.st.stm32cube.ide.mcu.externaltools.gnu-tools-for-stm32.13.3.rel1.linux64_1.0.0.202410170706/tools/bin/../lib/gcc/arm-none-eabi/13.3.1/../../../../arm-none-eabi/lib/thumb/v7e-m+fp/hard/libc_nano.a(libc_a-freer.o)
                0x08006280                _free_r
 .text.sbrk_aligned
                0x08006314       0x44 /opt/st/stm32cubeide_1.19.0/plugins/com.st.stm32cube.ide.mcu.externaltools.gnu-tools-for-stm32.13.3.rel1.linux64_1.0.0.202410170706/tools/bin/../lib/gcc/arm-none-eabi/13.3.1/../../../../arm-none-eabi/lib/thumb/v7e-m+fp/hard/libc_nano.a(libc_a-mallocr.o)
 .text._malloc_r
                0x08006358      0x100 /opt/st/stm32cubeide_1.19.0/plugins/com.st.stm32cube.ide.mcu.externaltools.gnu-tools-for-stm32.13.3.rel1.linux64_1.0.0.202410170706/tools/bin/../lib/gcc/arm-none-eabi/13.3.1/../../../../arm-none-eabi/lib/thumb/v7e-m+fp/hard/libc_nano.a(libc_a-mallocr.o)
                0x08006358                _malloc_r
 .text.__malloc_lock
                0x08006458        0xc /opt/st/stm32cubeide_1.19.0/plugins/com.st.stm32cube.ide.mcu.externaltools.gnu-tools-for-stm32.13.3.rel1.linux64_1.0.0.202410170706/tools/bin/../lib/gcc/arm-none-eabi/13.3.1/../../../../arm-none-eabi/lib/thumb/v7e-m+fp/hard/libc_nano.a(libc_a-mlock.o)
                0x08006458                __malloc_lock
 .text.__malloc_unlock
                0x08006464        0xc /opt/st/stm32cubeide_1.19.0/plugins/com.st.stm32cube.ide.mcu.externaltools.gnu-tools-for-stm32.13.3.rel1.linux64_1.0.0.202410170706/tools/bin/../lib/gcc/arm-none-eabi/13.3.1/../../../../arm-none-eabi/lib/thumb/v7e-m+fp/hard/libc_nano.a(libc_a-mlock.o)
                0x08006464                __malloc_unlock
 .text.__sfputc_r
                0x08006470       0x2e /opt/st/stm32cubeide_1.19.0/plugins/com.st.stm32cube.ide.mcu.externaltools.gnu-tools-for-stm32.13.3.rel1.linux64_1.0.0.202410170706/tools/bin/../lib/gcc/arm-none-eabi/13.3.1/../../../../arm-none-eabi/lib/thumb/v7e-m+fp/hard/libc_nano.a(libc_a-nano-vfprintf.o)
 .text.__sfputs_r
                0x0800649e       0x24 /opt/st/stm32cubeide_1.19.0/plugins/com.st.stm32cube.ide.mcu.externaltools.gnu-tools-for-stm32.13.3.rel1.linux64_1.0.0.202410170706/tools/bin/../lib/gcc/arm-none-eabi/13.3.1/../../../../arm-none-eabi/lib/thumb/v7e-m+fp/hard/libc_nano.a(libc_a-nano-vfprintf.o)
                0x0800649e                __sfputs_r
 *fill*         0x080064c2        0x2 
 .text._vfprintf_r
                0x080064c4      0x230 /opt/st/stm32cubeide_1.19.0/plugins/com.st.stm32cube.ide.mcu.externaltools.gnu-tools-for-stm32.13.3.rel1.linux64_1.0.0.202410170706/tools/bin/../lib/gcc/arm-none-eabi/13.3.1/../../../../arm-none-eabi/lib/thumb/v7e-m+fp/hard/libc_nano.a(libc_a-nano-vfprintf.o)
                0x080064c4                _vfiprintf_r
                0x080064c4                _vfprintf_r
 .text._printf_common
                0x080066f4       0xda /opt/st/stm32cubeide_1.19.0/plugins/com.st.stm32cube.ide.mcu.externaltools.gnu-tools-for-stm32.13.3.rel1.linux64_1.0.0.202410170706/tools/bin/../lib/gcc/arm-none-eabi/13.3.1/../../../../arm-none-eabi/lib/thumb/v7e-m+fp/hard/libc_nano.a(libc_a-nano-vfprintf_i.o)
                0x080066f4                _printf_common
 *fill*         0x080067ce        0x2 
 .text._printf_i
                0x080067d0      0x23c /opt/st/stm32cubeide_1.19.0/plugins/com.st.stm32cube.ide.mcu.externaltools.gnu-tools-for-stm32.13.3.rel1.linux64_1.0.0.202410170706/tools/bin/../lib/gcc/arm-none-eabi/13.3.1/../../../../arm-none-eabi/lib/thumb/v7e-m+fp/hard/libc_nano.a(libc_a-nano-vfprintf_i.o)
                0x080067d0                _printf_i
 .text.__sflush_r
                0x08006a0c      0x108 /opt/st/stm32cubeide_1.19.0/plugins/com.st.stm32cube.ide.mcu.externaltools.gnu-tools-for-stm32.13.3.rel1.linux64_1.0.0.202410170706/tools/bin/../lib/gcc/arm-none-eabi/13.3.1/../../../../arm-none-eabi/lib/thumb/v7e-m+fp/hard/libc_nano.a(libc_a-fflush.o)
                0x08006a0c                __sflush_r
 .text._fflush_r
                0x08006b14       0x50 /opt/st/stm32cubeide_1.19.0/plugins/com.st.stm32cube.ide.mcu.externaltools.gnu-tools-for-stm32.13.3.rel1.linux64_1.0.0.202410170706/tools/bin/../lib/gcc/arm-none-eabi/13.3.1/../../../../arm-none-eabi/lib/thumb/v7e-m+fp/hard/libc_nano.a(libc_a-fflush.o)
                0x08006b14                _fflush_r
 .text.__swbuf_r
                0x08006b64       0x7c /opt/st/stm32cubeide_1.19.0/plugins/com.st.stm32cube.ide.mcu.externaltools.gnu-tools-for-stm32.13.3.rel1.linux64_1.0.0.202410170706/tools/bin/../lib/gcc/arm-none-eabi/13.3.1/../../../../arm-none-eabi/lib/thumb/v7e-m+fp/hard/libc_nano.a(libc_a-wbuf.o)
                0x08006b64                __swbuf_r
 .text.__swsetup_r
                0x08006be0       0xac /opt/st/stm32cubeide_1.19.0/plugins/com.st.stm32cube.ide.mcu.externaltools.gnu-tools-for-stm32.13.3.rel1.linux64_1.0.0.202410170706/tools/bin/../lib/gcc/arm-none-eabi/13.3.1/../../../../arm-none-eabi/lib/thumb/v7e-m+fp/hard/libc_nano.a(libc_a-wsetup.o)
                0x08006be0                __swsetup_r
 .text._sbrk_r  0x08006c8c       0x20 /opt/st/stm32cubeide_1.19.0/plugins/com.st.stm32cube.ide.mcu.externaltools.gnu-tools-for-stm32.13.3.rel1.linux64_1.0.0.202410170706/tools/bin/../lib/gcc/arm-none-eabi/13.3.1/../../../../arm-none-eabi/lib/thumb/v7e-m+fp/hard/libc_nano.a(libc_a-sbrkr.o)
                0x08006c8c                _sbrk_r
 .text.__swhatbuf_r
                0x08006cac       0x4c /opt/st/stm32cubeide_1.19.0/plugins/com.st.stm32cube.ide.mcu.externaltools.gnu-tools-for-stm32.13.3.rel1.linux64_1.0.0.202410170706/tools/bin/../lib/gcc/arm-none-eabi/13.3.1/../../../../arm-none-eabi/lib/thumb/v7e-m+fp/hard/libc_nano.a(libc_a-makebuf.o)
                0x08006cac                __swhatbuf_r
 .text.__smakebuf_r
                0x08006cf8       0x78 /opt/st/stm32cubeide_1.19.0/plugins/com.st.stm32cube.ide.mcu.externaltools.gnu-tools-for-stm32.13.3.rel1.linux64_1.0.0.202410170706/tools/bin/../lib/gcc/arm-none-eabi/13.3.1/../../../../arm-none-eabi/lib/thumb/v7e-m+fp/hard/libc_nano.a(libc_a-makebuf.o)
                0x08006cf8                __smakebuf_r
 .text._fstat_r
                0x08006d70       0x24 /opt/st/stm32cubeide_1.19.0/plugins/com.st.stm32cube.ide.mcu.externaltools.gnu-tools-for-stm32.13.3.rel1.linux64_1.0.0.202410170706/tools/bin/../lib/gcc/arm-none-eabi/13.3.1/../../../../arm-none-eabi/lib/thumb/v7e-m+fp/hard/libc_nano.a(libc_a-fstatr.o)
                0x08006d70                _fstat_r
 .text._isatty_r
                0x08006d94       0x20 /opt/st/stm32cubeide_1.19.0/plugins/com.st.stm32cube.ide.mcu.externaltools.gnu-tools-for-stm32.13.3.rel1.linux64_1.0.0.202410170706/tools/bin/../lib/gcc/arm-none-eabi/13.3.1/../../../../arm-none-eabi/lib/thumb/v7e-m+fp/hard/libc_nano.a(libc_a-isattyr.o)
                0x08006d94                _isatty_r
 *(.glue_7)
 .glue_7        0x08006db4        0x0 linker stubs
 *(.glue_7t)
 .glue_7t       0x08006db4        0x0 linker stubs
 *(.eh_frame)
 .eh_frame      0x08006db4        0x0 /opt/st/stm32cubeide_1.19.0/plugins/com.st.stm32cube.ide.mcu.externaltools.gnu-tools-for-stm32.13.3.rel1.linux64_1.0.0.202410170706/tools/bin/../lib/gcc/arm-none-eabi/13.3.1/thumb/v7e-m+fp/hard/crtbegin.o
 *(.init)
 .init          0x08006db4        0x4 /opt/st/stm32cubeide_1.19.0/plugins/com.st.stm32cube.ide.mcu.externaltools.gnu-tools-for-stm32.13.3.rel1.linux64_1.0.0.202410170706/tools/bin/../lib/gcc/arm-none-eabi/13.3.1/thumb/v7e-m+fp/hard/crti.o
                0x08006db4                _init
 .init          0x08006db8        0x8 /opt/st/stm32cubeide_1.19.0/plugins/com.st.stm32cube.ide.mcu.externaltools.gnu-tools-for-stm32.13.3.rel1.linux64_1.0.0.202410170706/tools/bin/../lib/gcc/arm-none-eabi/13.3.1/thumb/v7e-m+fp/hard/crtn.o
 *(.fini)
 .fini          0x08006dc0        0x4 /opt/st/stm32cubeide_1.19.0/plugins/com.st.stm32cube.ide.mcu.externaltools.gnu-tools-for-stm32.13.3.rel1.linux64_1.0.0.202410170706/tools/bin/../lib/gcc/arm-none-eabi/13.3.1/thumb/v7e-m+fp/hard/crti.o
                0x08006dc0                _fini
 .fini          0x08006dc4        0x8 /opt/st/stm32cubeide_1.19.0/plugins/com.st.stm32cube.ide.mcu.externaltools.gnu-tools-for-stm32.13.3.rel1.linux64_1.0.0.202410170706/tools/bin/../lib/gcc/arm-none-eabi/13.3.1/thumb/v7e-m+fp/hard/crtn.o
                0x08006dcc                        . = ALIGN (0x4)
                0x08006dcc                        _etext = .

.vfp11_veneer   0x08006dcc        0x0
 .vfp11_veneer  0x08006dcc        0x0 linker stubs

.v4_bx          0x08006dcc        0x0
 .v4_bx         0x08006dcc        0x0 linker stubs

.iplt           0x08006dcc        0x0
 .iplt          0x08006dcc        0x0 /opt/st/stm32cubeide_1.19.0/plugins/com.st.stm32cube.ide.mcu.externaltools.gnu-tools-for-stm32.13.3.rel1.linux64_1.0.0.202410170706/tools/bin/../lib/gcc/arm-none-eabi/13.3.1/thumb/v7e-m+fp/hard/crtbegin.o

.rodata         0x08006dcc      0x634
                0x08006dcc                        . = ALIGN (0x4)
 *(.rodata)
 .rodata        0x08006dcc       0x53 ./Core/Src/main.o
 *fill*         0x08006e1f        0x1 
 .rodata        0x08006e20        0xa ./Usr libs/STM32_Library_My_Graphic_Library/MGL.o
 *(.rodata*)
 *fill*         0x08006e2a        0x2 
 .rodata.AHBPrescTable
                0x08006e2c       0x10 ./Core/Src/system_stm32g4xx.o
                0x08006e2c                AHBPrescTable
 .rodata.font_5x8
                0x08006e3c      0x1e0 ./Usr libs/STM32_Library_My_Graphic_Library/MGL.o
 .rodata.font_17x24_ptr
                0x0800701c       0x38 ./Usr libs/STM32_Library_My_Graphic_Library/MGL.o
 .rodata.font_17x24
                0x08007054      0x2fd ./Usr libs/STM32_Library_My_Graphic_Library/MGL.o
 *fill*         0x08007351        0x3 
 .rodata.init_cmds1
                0x08007354       0x3b ./Usr libs/STM32_Library_My_Graphic_Library/st7735_driver/st7735.o
 *fill*         0x0800738f        0x1 
 .rodata.init_cmds2
                0x08007390        0xd ./Usr libs/STM32_Library_My_Graphic_Library/st7735_driver/st7735.o
 *fill*         0x0800739d        0x3 
 .rodata.init_cmds3
                0x080073a0       0x2b ./Usr libs/STM32_Library_My_Graphic_Library/st7735_driver/st7735.o
 .rodata._vfprintf_r.str1.1
                0x080073cb       0x33 /opt/st/stm32cubeide_1.19.0/plugins/com.st.stm32cube.ide.mcu.externaltools.gnu-tools-for-stm32.13.3.rel1.linux64_1.0.0.202410170706/tools/bin/../lib/gcc/arm-none-eabi/13.3.1/../../../../arm-none-eabi/lib/thumb/v7e-m+fp/hard/libc_nano.a(libc_a-nano-vfprintf.o)
                                 0x11 (size before relaxing)
 .rodata._printf_i.str1.1
                0x080073fe       0x22 /opt/st/stm32cubeide_1.19.0/plugins/com.st.stm32cube.ide.mcu.externaltools.gnu-tools-for-stm32.13.3.rel1.linux64_1.0.0.202410170706/tools/bin/../lib/gcc/arm-none-eabi/13.3.1/../../../../arm-none-eabi/lib/thumb/v7e-m+fp/hard/libc_nano.a(libc_a-nano-vfprintf_i.o)
                0x08007420                        . = ALIGN (0x4)
 *fill*         0x080073fe        0x2 

.ARM.extab      0x08007400        0x0
                0x08007400                        . = ALIGN (0x4)
 *(.ARM.extab* .gnu.linkonce.armextab.*)
                0x08007400                        . = ALIGN (0x4)

.ARM            0x08007400        0x8
                0x08007400                        . = ALIGN (0x4)
                0x08007400                        __exidx_start = .
 *(.ARM.exidx*)
 .ARM.exidx     0x08007400        0x8 /opt/st/stm32cubeide_1.19.0/plugins/com.st.stm32cube.ide.mcu.externaltools.gnu-tools-for-stm32.13.3.rel1.linux64_1.0.0.202410170706/tools/bin/../lib/gcc/arm-none-eabi/13.3.1/../../../../arm-none-eabi/lib/thumb/v7e-m+fp/hard/libc_nano.a(libc_a-memchr.o)
                0x08007408                        __exidx_end = .
                0x08007408                        . = ALIGN (0x4)

.preinit_array  0x08007408        0x0
                0x08007408                        . = ALIGN (0x4)
                0x08007408                        PROVIDE (__preinit_array_start = .)
 *(.preinit_array*)
                0x08007408                        PROVIDE (__preinit_array_end = .)
                0x08007408                        . = ALIGN (0x4)

.init_array     0x08007408        0x4
                0x08007408                        . = ALIGN (0x4)
                0x08007408                        PROVIDE (__init_array_start = .)
 *(SORT_BY_NAME(.init_array.*))
 *(.init_array*)
 .init_array    0x08007408        0x4 /opt/st/stm32cubeide_1.19.0/plugins/com.st.stm32cube.ide.mcu.externaltools.gnu-tools-for-stm32.13.3.rel1.linux64_1.0.0.202410170706/tools/bin/../lib/gcc/arm-none-eabi/13.3.1/thumb/v7e-m+fp/hard/crtbegin.o
                0x0800740c                        PROVIDE (__init_array_end = .)
                0x0800740c                        . = ALIGN (0x4)

.fini_array     0x0800740c        0x4
                0x0800740c                        . = ALIGN (0x4)
                [!provide]                        PROVIDE (__fini_array_start = .)
 *(SORT_BY_NAME(.fini_array.*))
 *(.fini_array*)
 .fini_array    0x0800740c        0x4 /opt/st/stm32cubeide_1.19.0/plugins/com.st.stm32cube.ide.mcu.externaltools.gnu-tools-for-stm32.13.3.rel1.linux64_1.0.0.202410170706/tools/bin/../lib/gcc/arm-none-eabi/13.3.1/thumb/v7e-m+fp/hard/crtbegin.o
                [!provide]                        PROVIDE (__fini_array_end = .)
                0x08007410                        . = ALIGN (0x4)
                0x08007410                        _sidata = LOADADDR (.data)

.rel.dyn        0x08007410        0x0
 .rel.iplt      0x08007410        0x0 /opt/st/stm32cubeide_1.19.0/plugins/com.st.stm32cube.ide.mcu.externaltools.gnu-tools-for-stm32.13.3.rel1.linux64_1.0.0.202410170706/tools/bin/../lib/gcc/arm-none-eabi/13.3.1/thumb/v7e-m+fp/hard/crtbegin.o

.data           0x20000000       0x88 load address 0x08007410
                0x20000000                        . = ALIGN (0x4)
                0x20000000                        _sdata = .
 *(.data)
 *(.data*)
 .data.SystemCoreClock
                0x20000000        0x4 ./Core/Src/system_stm32g4xx.o
                0x20000000                SystemCoreClock
 .data.uwTickPrio
                0x20000004        0x4 ./Drivers/STM32G4xx_HAL_Driver/Src/stm32g4xx_hal.o
                0x20000004                uwTickPrio
 .data.uwTickFreq
                0x20000008        0x4 ./Drivers/STM32G4xx_HAL_Driver/Src/stm32g4xx_hal.o
                0x20000008                uwTickFreq
 .data.pFlash   0x2000000c       0x20 ./Drivers/STM32G4xx_HAL_Driver/Src/stm32g4xx_hal_flash.o
                0x2000000c                pFlash
 .data.__sglue  0x2000002c        0xc /opt/st/stm32cubeide_1.19.0/plugins/com.st.stm32cube.ide.mcu.externaltools.gnu-tools-for-stm32.13.3.rel1.linux64_1.0.0.202410170706/tools/bin/../lib/gcc/arm-none-eabi/13.3.1/../../../../arm-none-eabi/lib/thumb/v7e-m+fp/hard/libc_nano.a(libc_a-findfp.o)
                0x2000002c                __sglue
 .data._impure_ptr
                0x20000038        0x4 /opt/st/stm32cubeide_1.19.0/plugins/com.st.stm32cube.ide.mcu.externaltools.gnu-tools-for-stm32.13.3.rel1.linux64_1.0.0.202410170706/tools/bin/../lib/gcc/arm-none-eabi/13.3.1/../../../../arm-none-eabi/lib/thumb/v7e-m+fp/hard/libc_nano.a(libc_a-impure.o)
                0x20000038                _impure_ptr
 .data._impure_data
                0x2000003c       0x4c /opt/st/stm32cubeide_1.19.0/plugins/com.st.stm32cube.ide.mcu.externaltools.gnu-tools-for-stm32.13.3.rel1.linux64_1.0.0.202410170706/tools/bin/../lib/gcc/arm-none-eabi/13.3.1/../../../../arm-none-eabi/lib/thumb/v7e-m+fp/hard/libc_nano.a(libc_a-impure.o)
                0x2000003c                _impure_data
 *(.RamFunc)
 *(.RamFunc*)
                0x20000088                        . = ALIGN (0x4)
                0x20000088                        _edata = .

.igot.plt       0x20000088        0x0 load address 0x08007498
 .igot.plt      0x20000088        0x0 /opt/st/stm32cubeide_1.19.0/plugins/com.st.stm32cube.ide.mcu.externaltools.gnu-tools-for-stm32.13.3.rel1.linux64_1.0.0.202410170706/tools/bin/../lib/gcc/arm-none-eabi/13.3.1/thumb/v7e-m+fp/hard/crtbegin.o
                0x20000088                        . = ALIGN (0x4)

.bss            0x20000088      0x428 load address 0x08007498
                0x20000088                        _sbss = .
                0x20000088                        __bss_start__ = _sbss
 *(.bss)
 .bss           0x20000088       0x1c /opt/st/stm32cubeide_1.19.0/plugins/com.st.stm32cube.ide.mcu.externaltools.gnu-tools-for-stm32.13.3.rel1.linux64_1.0.0.202410170706/tools/bin/../lib/gcc/arm-none-eabi/13.3.1/thumb/v7e-m+fp/hard/crtbegin.o
 *(.bss*)
 .bss.hdac1     0x200000a4       0x14 ./Core/Src/main.o
                0x200000a4                hdac1
 .bss.hi2c1     0x200000b8       0x54 ./Core/Src/main.o
                0x200000b8                hi2c1
 .bss.hrtc      0x2000010c       0x28 ./Core/Src/main.o
                0x2000010c                hrtc
 .bss.hspi2     0x20000134       0x64 ./Core/Src/main.o
                0x20000134                hspi2
 .bss.pflash    0x20000198       0x10 ./Core/Src/main.o
                0x20000198                pflash
 .bss.menc1     0x200001a8       0x20 ./Core/Src/main.o
                0x200001a8                menc1
 .bss.menc2     0x200001c8       0x20 ./Core/Src/main.o
                0x200001c8                menc2
 .bss.flag_enc1_turn_all_dir
                0x200001e8        0x1 ./Core/Src/main.o
                0x200001e8                flag_enc1_turn_all_dir
 .bss.flag_enc2_turn_all_dir
                0x200001e9        0x1 ./Core/Src/main.o
                0x200001e9                flag_enc2_turn_all_dir
 *fill*         0x200001ea        0x2 
 .bss.vaw       0x200001ec        0xe ./Core/Src/main.o
                0x200001ec                vaw
 *fill*         0x200001fa        0x2 
 .bss.table_dac_step
                0x200001fc       0x54 ./Core/Src/main.o
                0x200001fc                table_dac_step
 .bss.table_volt_fb
                0x20000250       0x54 ./Core/Src/main.o
                0x20000250                table_volt_fb
 .bss.table_curr_fb
                0x200002a4       0x54 ./Core/Src/main.o
                0x200002a4                table_curr_fb
 .bss.vaw_dac_u_min
                0x200002f8        0x2 ./Core/Src/main.o
                0x200002f8                vaw_dac_u_min
 .bss.vaw_dac_u_max
                0x200002fa        0x2 ./Core/Src/main.o
                0x200002fa                vaw_dac_u_max
 .bss.vaw_dac_i_min
                0x200002fc        0x2 ./Core/Src/main.o
                0x200002fc                vaw_dac_i_min
 .bss.vaw_dac_i_max
                0x200002fe        0x2 ./Core/Src/main.o
                0x200002fe                vaw_dac_i_max
 .bss.sflags    0x20000300        0x4 ./Core/Src/main.o
                0x20000300                sflags
 .bss.volt_bar  0x20000304       0x10 ./Core/Src/main.o
                0x20000304                volt_bar
 .bss.curr_bar  0x20000314       0x10 ./Core/Src/main.o
                0x20000314                curr_bar
 .bss.watt_bar  0x20000324       0x10 ./Core/Src/main.o
                0x20000324                watt_bar
 .bss.millis_tmr_screen_refresh
                0x20000334        0x4 ./Core/Src/main.o
                0x20000334                millis_tmr_screen_refresh
 .bss.rps_error_var
                0x20000338        0x1 ./Core/Src/main.o
                0x20000338                rps_error_var
 *fill*         0x20000339        0x3 
 .bss.millis_tmr_debug
                0x2000033c        0x4 ./Core/Src/main.o
                0x2000033c                millis_tmr_debug
 .bss.flash_err
                0x20000340        0x4 ./Core/Src/main.o
                0x20000340                flash_err
 .bss.volt_old.6
                0x20000344        0x2 ./Core/Src/main.o
 .bss.curr_old.5
                0x20000346        0x2 ./Core/Src/main.o
 .bss.watt_old.4
                0x20000348        0x2 ./Core/Src/main.o
 .bss.dac_u_old.3
                0x2000034a        0x2 ./Core/Src/main.o
 .bss.dac_i_old.2
                0x2000034c        0x2 ./Core/Src/main.o
 .bss.sp_u_old.1
                0x2000034e        0x2 ./Core/Src/main.o
 .bss.sp_i_old.0
                0x20000350        0x2 ./Core/Src/main.o
 *fill*         0x20000352        0x2 
 .bss.__sbrk_heap_end
                0x20000354        0x4 ./Core/Src/sysmem.o
 .bss.uwTick    0x20000358        0x4 ./Drivers/STM32G4xx_HAL_Driver/Src/stm32g4xx_hal.o
                0x20000358                uwTick
 .bss.ina_calib_val
                0x2000035c        0x2 ./Usr libs/STM32_Library_INA226/M_INA226.o
                0x2000035c                ina_calib_val
 .bss.MGL_buf_color
                0x2000035e        0x2 ./Usr libs/STM32_Library_My_Graphic_Library/MGL.o
                0x2000035e                MGL_buf_color
 .bss.MGL_buf_bg_color
                0x20000360        0x2 ./Usr libs/STM32_Library_My_Graphic_Library/MGL.o
                0x20000360                MGL_buf_bg_color
 .bss.MGL_err_var
                0x20000362        0x1 ./Usr libs/STM32_Library_My_Graphic_Library/MGL.o
                0x20000362                MGL_err_var
 *fill*         0x20000363        0x1 
 .bss.__sf      0x20000364      0x138 /opt/st/stm32cubeide_1.19.0/plugins/com.st.stm32cube.ide.mcu.externaltools.gnu-tools-for-stm32.13.3.rel1.linux64_1.0.0.202410170706/tools/bin/../lib/gcc/arm-none-eabi/13.3.1/../../../../arm-none-eabi/lib/thumb/v7e-m+fp/hard/libc_nano.a(libc_a-findfp.o)
                0x20000364                __sf
 .bss.__stdio_exit_handler
                0x2000049c        0x4 /opt/st/stm32cubeide_1.19.0/plugins/com.st.stm32cube.ide.mcu.externaltools.gnu-tools-for-stm32.13.3.rel1.linux64_1.0.0.202410170706/tools/bin/../lib/gcc/arm-none-eabi/13.3.1/../../../../arm-none-eabi/lib/thumb/v7e-m+fp/hard/libc_nano.a(libc_a-findfp.o)
                0x2000049c                __stdio_exit_handler
 .bss.errno     0x200004a0        0x4 /opt/st/stm32cubeide_1.19.0/plugins/com.st.stm32cube.ide.mcu.externaltools.gnu-tools-for-stm32.13.3.rel1.linux64_1.0.0.202410170706/tools/bin/../lib/gcc/arm-none-eabi/13.3.1/../../../../arm-none-eabi/lib/thumb/v7e-m+fp/hard/libc_nano.a(libc_a-reent.o)
                0x200004a0                errno
 .bss.__lock___malloc_recursive_mutex
                0x200004a4        0x1 /opt/st/stm32cubeide_1.19.0/plugins/com.st.stm32cube.ide.mcu.externaltools.gnu-tools-for-stm32.13.3.rel1.linux64_1.0.0.202410170706/tools/bin/../lib/gcc/arm-none-eabi/13.3.1/../../../../arm-none-eabi/lib/thumb/v7e-m+fp/hard/libc_nano.a(libc_a-lock.o)
                0x200004a4                __lock___malloc_recursive_mutex
 .bss.__lock___sfp_recursive_mutex
                0x200004a5        0x1 /opt/st/stm32cubeide_1.19.0/plugins/com.st.stm32cube.ide.mcu.externaltools.gnu-tools-for-stm32.13.3.rel1.linux64_1.0.0.202410170706/tools/bin/../lib/gcc/arm-none-eabi/13.3.1/../../../../arm-none-eabi/lib/thumb/v7e-m+fp/hard/libc_nano.a(libc_a-lock.o)
                0x200004a5                __lock___sfp_recursive_mutex
 *fill*         0x200004a6        0x2 
 .bss.__malloc_sbrk_start
                0x200004a8        0x4 /opt/st/stm32cubeide_1.19.0/plugins/com.st.stm32cube.ide.mcu.externaltools.gnu-tools-for-stm32.13.3.rel1.linux64_1.0.0.202410170706/tools/bin/../lib/gcc/arm-none-eabi/13.3.1/../../../../arm-none-eabi/lib/thumb/v7e-m+fp/hard/libc_nano.a(libc_a-mallocr.o)
                0x200004a8                __malloc_sbrk_start
 .bss.__malloc_free_list
                0x200004ac        0x4 /opt/st/stm32cubeide_1.19.0/plugins/com.st.stm32cube.ide.mcu.externaltools.gnu-tools-for-stm32.13.3.rel1.linux64_1.0.0.202410170706/tools/bin/../lib/gcc/arm-none-eabi/13.3.1/../../../../arm-none-eabi/lib/thumb/v7e-m+fp/hard/libc_nano.a(libc_a-mallocr.o)
                0x200004ac                __malloc_free_list
 *(COMMON)
                0x200004b0                        . = ALIGN (0x4)
                0x200004b0                        _ebss = .
                0x200004b0                        __bss_end__ = _ebss

._user_heap_stack
                0x200004b0      0x600 load address 0x08007498
                0x200004b0                        . = ALIGN (0x8)
                [!provide]                        PROVIDE (end = .)
                0x200004b0                        PROVIDE (_end = .)
                0x200006b0                        . = (. + _Min_Heap_Size)
 *fill*         0x200004b0      0x200 
                0x20000ab0                        . = (. + _Min_Stack_Size)
 *fill*         0x200006b0      0x400 
                0x20000ab0                        . = ALIGN (0x8)

/DISCARD/
 libc.a(*)
 libm.a(*)
 libgcc.a(*)

.ARM.attributes
                0x00000000       0x30
 *(.ARM.attributes)
 .ARM.attributes
                0x00000000       0x22 /opt/st/stm32cubeide_1.19.0/plugins/com.st.stm32cube.ide.mcu.externaltools.gnu-tools-for-stm32.13.3.rel1.linux64_1.0.0.202410170706/tools/bin/../lib/gcc/arm-none-eabi/13.3.1/thumb/v7e-m+fp/hard/crti.o
 .ARM.attributes
                0x00000022       0x34 /opt/st/stm32cubeide_1.19.0/plugins/com.st.stm32cube.ide.mcu.externaltools.gnu-tools-for-stm32.13.3.rel1.linux64_1.0.0.202410170706/tools/bin/../lib/gcc/arm-none-eabi/13.3.1/thumb/v7e-m+fp/hard/crtbegin.o
 .ARM.attributes
                0x00000056       0x34 ./Core/Src/main.o
 .ARM.attributes
                0x0000008a       0x34 ./Core/Src/stm32g4xx_hal_msp.o
 .ARM.attributes
                0x000000be       0x34 ./Core/Src/stm32g4xx_it.o
 .ARM.attributes
                0x000000f2       0x34 ./Core/Src/syscalls.o
 .ARM.attributes
                0x00000126       0x34 ./Core/Src/sysmem.o
 .ARM.attributes
                0x0000015a       0x34 ./Core/Src/system_stm32g4xx.o
 .ARM.attributes
                0x0000018e       0x21 ./Core/Startup/startup_stm32g431cbux.o
 .ARM.attributes
                0x000001af       0x34 ./Drivers/STM32G4xx_HAL_Driver/Src/stm32g4xx_hal.o
 .ARM.attributes
                0x000001e3       0x34 ./Drivers/STM32G4xx_HAL_Driver/Src/stm32g4xx_hal_cortex.o
 .ARM.attributes
                0x00000217       0x34 ./Drivers/STM32G4xx_HAL_Driver/Src/stm32g4xx_hal_dac.o
 .ARM.attributes
                0x0000024b       0x34 ./Drivers/STM32G4xx_HAL_Driver/Src/stm32g4xx_hal_flash.o
 .ARM.attributes
                0x0000027f       0x34 ./Drivers/STM32G4xx_HAL_Driver/Src/stm32g4xx_hal_flash_ex.o
 .ARM.attributes
                0x000002b3       0x34 ./Drivers/STM32G4xx_HAL_Driver/Src/stm32g4xx_hal_gpio.o
 .ARM.attributes
                0x000002e7       0x34 ./Drivers/STM32G4xx_HAL_Driver/Src/stm32g4xx_hal_i2c.o
 .ARM.attributes
                0x0000031b       0x34 ./Drivers/STM32G4xx_HAL_Driver/Src/stm32g4xx_hal_i2c_ex.o
 .ARM.attributes
                0x0000034f       0x34 ./Drivers/STM32G4xx_HAL_Driver/Src/stm32g4xx_hal_pwr.o
 .ARM.attributes
                0x00000383       0x34 ./Drivers/STM32G4xx_HAL_Driver/Src/stm32g4xx_hal_pwr_ex.o
 .ARM.attributes
                0x000003b7       0x34 ./Drivers/STM32G4xx_HAL_Driver/Src/stm32g4xx_hal_rcc.o
 .ARM.attributes
                0x000003eb       0x34 ./Drivers/STM32G4xx_HAL_Driver/Src/stm32g4xx_hal_rcc_ex.o
 .ARM.attributes
                0x0000041f       0x34 ./Drivers/STM32G4xx_HAL_Driver/Src/stm32g4xx_hal_rtc.o
 .ARM.attributes
                0x00000453       0x34 ./Drivers/STM32G4xx_HAL_Driver/Src/stm32g4xx_hal_spi.o
 .ARM.attributes
                0x00000487       0x34 ./Usr libs/STM32_Library_Encoder/M_ENC.o
 .ARM.attributes
                0x000004bb       0x34 ./Usr libs/STM32_Library_INA226/M_INA226.o
 .ARM.attributes
                0x000004ef       0x34 ./Usr libs/STM32_Library_My_Graphic_Library/MGL.o
 .ARM.attributes
                0x00000523       0x34 ./Usr libs/STM32_Library_My_Graphic_Library/st7735_driver/st7735.o
 .ARM.attributes
                0x00000557       0x34 /opt/st/stm32cubeide_1.19.0/plugins/com.st.stm32cube.ide.mcu.externaltools.gnu-tools-for-stm32.13.3.rel1.linux64_1.0.0.202410170706/tools/bin/../lib/gcc/arm-none-eabi/13.3.1/../../../../arm-none-eabi/lib/thumb/v7e-m+fp/hard/libc_nano.a(libc_a-findfp.o)
 .ARM.attributes
                0x0000058b       0x34 /opt/st/stm32cubeide_1.19.0/plugins/com.st.stm32cube.ide.mcu.externaltools.gnu-tools-for-stm32.13.3.rel1.linux64_1.0.0.202410170706/tools/bin/../lib/gcc/arm-none-eabi/13.3.1/../../../../arm-none-eabi/lib/thumb/v7e-m+fp/hard/libc_nano.a(libc_a-fwalk.o)
 .ARM.attributes
                0x000005bf       0x34 /opt/st/stm32cubeide_1.19.0/plugins/com.st.stm32cube.ide.mcu.externaltools.gnu-tools-for-stm32.13.3.rel1.linux64_1.0.0.202410170706/tools/bin/../lib/gcc/arm-none-eabi/13.3.1/../../../../arm-none-eabi/lib/thumb/v7e-m+fp/hard/libc_nano.a(libc_a-printf.o)
 .ARM.attributes
                0x000005f3       0x34 /opt/st/stm32cubeide_1.19.0/plugins/com.st.stm32cube.ide.mcu.externaltools.gnu-tools-for-stm32.13.3.rel1.linux64_1.0.0.202410170706/tools/bin/../lib/gcc/arm-none-eabi/13.3.1/../../../../arm-none-eabi/lib/thumb/v7e-m+fp/hard/libc_nano.a(libc_a-stdio.o)
 .ARM.attributes
                0x00000627       0x34 /opt/st/stm32cubeide_1.19.0/plugins/com.st.stm32cube.ide.mcu.externaltools.gnu-tools-for-stm32.13.3.rel1.linux64_1.0.0.202410170706/tools/bin/../lib/gcc/arm-none-eabi/13.3.1/../../../../arm-none-eabi/lib/thumb/v7e-m+fp/hard/libc_nano.a(libc_a-memset.o)
 .ARM.attributes
                0x0000065b       0x34 /opt/st/stm32cubeide_1.19.0/plugins/com.st.stm32cube.ide.mcu.externaltools.gnu-tools-for-stm32.13.3.rel1.linux64_1.0.0.202410170706/tools/bin/../lib/gcc/arm-none-eabi/13.3.1/../../../../arm-none-eabi/lib/thumb/v7e-m+fp/hard/libc_nano.a(libc_a-closer.o)
 .ARM.attributes
                0x0000068f       0x34 /opt/st/stm32cubeide_1.19.0/plugins/com.st.stm32cube.ide.mcu.externaltools.gnu-tools-for-stm32.13.3.rel1.linux64_1.0.0.202410170706/tools/bin/../lib/gcc/arm-none-eabi/13.3.1/../../../../arm-none-eabi/lib/thumb/v7e-m+fp/hard/libc_nano.a(libc_a-reent.o)
 .ARM.attributes
                0x000006c3       0x34 /opt/st/stm32cubeide_1.19.0/plugins/com.st.stm32cube.ide.mcu.externaltools.gnu-tools-for-stm32.13.3.rel1.linux64_1.0.0.202410170706/tools/bin/../lib/gcc/arm-none-eabi/13.3.1/../../../../arm-none-eabi/lib/thumb/v7e-m+fp/hard/libc_nano.a(libc_a-impure.o)
 .ARM.attributes
                0x000006f7       0x34 /opt/st/stm32cubeide_1.19.0/plugins/com.st.stm32cube.ide.mcu.externaltools.gnu-tools-for-stm32.13.3.rel1.linux64_1.0.0.202410170706/tools/bin/../lib/gcc/arm-none-eabi/13.3.1/../../../../arm-none-eabi/lib/thumb/v7e-m+fp/hard/libc_nano.a(libc_a-lseekr.o)
 .ARM.attributes
                0x0000072b       0x34 /opt/st/stm32cubeide_1.19.0/plugins/com.st.stm32cube.ide.mcu.externaltools.gnu-tools-for-stm32.13.3.rel1.linux64_1.0.0.202410170706/tools/bin/../lib/gcc/arm-none-eabi/13.3.1/../../../../arm-none-eabi/lib/thumb/v7e-m+fp/hard/libc_nano.a(libc_a-readr.o)
 .ARM.attributes
                0x0000075f       0x34 /opt/st/stm32cubeide_1.19.0/plugins/com.st.stm32cube.ide.mcu.externaltools.gnu-tools-for-stm32.13.3.rel1.linux64_1.0.0.202410170706/tools/bin/../lib/gcc/arm-none-eabi/13.3.1/../../../../arm-none-eabi/lib/thumb/v7e-m+fp/hard/libc_nano.a(libc_a-writer.o)
 .ARM.attributes
                0x00000793       0x34 /opt/st/stm32cubeide_1.19.0/plugins/com.st.stm32cube.ide.mcu.externaltools.gnu-tools-for-stm32.13.3.rel1.linux64_1.0.0.202410170706/tools/bin/../lib/gcc/arm-none-eabi/13.3.1/../../../../arm-none-eabi/lib/thumb/v7e-m+fp/hard/libc_nano.a(libc_a-errno.o)
 .ARM.attributes
                0x000007c7       0x34 /opt/st/stm32cubeide_1.19.0/plugins/com.st.stm32cube.ide.mcu.externaltools.gnu-tools-for-stm32.13.3.rel1.linux64_1.0.0.202410170706/tools/bin/../lib/gcc/arm-none-eabi/13.3.1/../../../../arm-none-eabi/lib/thumb/v7e-m+fp/hard/libc_nano.a(libc_a-init.o)
 .ARM.attributes
                0x000007fb       0x34 /opt/st/stm32cubeide_1.19.0/plugins/com.st.stm32cube.ide.mcu.externaltools.gnu-tools-for-stm32.13.3.rel1.linux64_1.0.0.202410170706/tools/bin/../lib/gcc/arm-none-eabi/13.3.1/../../../../arm-none-eabi/lib/thumb/v7e-m+fp/hard/libc_nano.a(libc_a-lock.o)
 .ARM.attributes
                0x0000082f       0x34 /opt/st/stm32cubeide_1.19.0/plugins/com.st.stm32cube.ide.mcu.externaltools.gnu-tools-for-stm32.13.3.rel1.linux64_1.0.0.202410170706/tools/bin/../lib/gcc/arm-none-eabi/13.3.1/../../../../arm-none-eabi/lib/thumb/v7e-m+fp/hard/libc_nano.a(libc_a-freer.o)
 .ARM.attributes
                0x00000863       0x34 /opt/st/stm32cubeide_1.19.0/plugins/com.st.stm32cube.ide.mcu.externaltools.gnu-tools-for-stm32.13.3.rel1.linux64_1.0.0.202410170706/tools/bin/../lib/gcc/arm-none-eabi/13.3.1/../../../../arm-none-eabi/lib/thumb/v7e-m+fp/hard/libc_nano.a(libc_a-mallocr.o)
 .ARM.attributes
                0x00000897       0x34 /opt/st/stm32cubeide_1.19.0/plugins/com.st.stm32cube.ide.mcu.externaltools.gnu-tools-for-stm32.13.3.rel1.linux64_1.0.0.202410170706/tools/bin/../lib/gcc/arm-none-eabi/13.3.1/../../../../arm-none-eabi/lib/thumb/v7e-m+fp/hard/libc_nano.a(libc_a-mlock.o)
 .ARM.attributes
                0x000008cb       0x34 /opt/st/stm32cubeide_1.19.0/plugins/com.st.stm32cube.ide.mcu.externaltools.gnu-tools-for-stm32.13.3.rel1.linux64_1.0.0.202410170706/tools/bin/../lib/gcc/arm-none-eabi/13.3.1/../../../../arm-none-eabi/lib/thumb/v7e-m+fp/hard/libc_nano.a(libc_a-nano-vfprintf.o)
 .ARM.attributes
                0x000008ff       0x34 /opt/st/stm32cubeide_1.19.0/plugins/com.st.stm32cube.ide.mcu.externaltools.gnu-tools-for-stm32.13.3.rel1.linux64_1.0.0.202410170706/tools/bin/../lib/gcc/arm-none-eabi/13.3.1/../../../../arm-none-eabi/lib/thumb/v7e-m+fp/hard/libc_nano.a(libc_a-nano-vfprintf_i.o)
 .ARM.attributes
                0x00000933       0x34 /opt/st/stm32cubeide_1.19.0/plugins/com.st.stm32cube.ide.mcu.externaltools.gnu-tools-for-stm32.13.3.rel1.linux64_1.0.0.202410170706/tools/bin/../lib/gcc/arm-none-eabi/13.3.1/../../../../arm-none-eabi/lib/thumb/v7e-m+fp/hard/libc_nano.a(libc_a-fflush.o)
 .ARM.attributes
                0x00000967       0x34 /opt/st/stm32cubeide_1.19.0/plugins/com.st.stm32cube.ide.mcu.externaltools.gnu-tools-for-stm32.13.3.rel1.linux64_1.0.0.202410170706/tools/bin/../lib/gcc/arm-none-eabi/13.3.1/../../../../arm-none-eabi/lib/thumb/v7e-m+fp/hard/libc_nano.a(libc_a-wbuf.o)
 .ARM.attributes
                0x0000099b       0x34 /opt/st/stm32cubeide_1.19.0/plugins/com.st.stm32cube.ide.mcu.externaltools.gnu-tools-for-stm32.13.3.rel1.linux64_1.0.0.202410170706/tools/bin/../lib/gcc/arm-none-eabi/13.3.1/../../../../arm-none-eabi/lib/thumb/v7e-m+fp/hard/libc_nano.a(libc_a-wsetup.o)
 .ARM.attributes
                0x000009cf       0x34 /opt/st/stm32cubeide_1.19.0/plugins/com.st.stm32cube.ide.mcu.externaltools.gnu-tools-for-stm32.13.3.rel1.linux64_1.0.0.202410170706/tools/bin/../lib/gcc/arm-none-eabi/13.3.1/../../../../arm-none-eabi/lib/thumb/v7e-m+fp/hard/libc_nano.a(libc_a-sbrkr.o)
 .ARM.attributes
                0x00000a03       0x1c /opt/st/stm32cubeide_1.19.0/plugins/com.st.stm32cube.ide.mcu.externaltools.gnu-tools-for-stm32.13.3.rel1.linux64_1.0.0.202410170706/tools/bin/../lib/gcc/arm-none-eabi/13.3.1/../../../../arm-none-eabi/lib/thumb/v7e-m+fp/hard/libc_nano.a(libc_a-memchr.o)
 .ARM.attributes
                0x00000a1f       0x34 /opt/st/stm32cubeide_1.19.0/plugins/com.st.stm32cube.ide.mcu.externaltools.gnu-tools-for-stm32.13.3.rel1.linux64_1.0.0.202410170706/tools/bin/../lib/gcc/arm-none-eabi/13.3.1/../../../../arm-none-eabi/lib/thumb/v7e-m+fp/hard/libc_nano.a(libc_a-makebuf.o)
 .ARM.attributes
                0x00000a53       0x34 /opt/st/stm32cubeide_1.19.0/plugins/com.st.stm32cube.ide.mcu.externaltools.gnu-tools-for-stm32.13.3.rel1.linux64_1.0.0.202410170706/tools/bin/../lib/gcc/arm-none-eabi/13.3.1/../../../../arm-none-eabi/lib/thumb/v7e-m+fp/hard/libc_nano.a(libc_a-fstatr.o)
 .ARM.attributes
                0x00000a87       0x34 /opt/st/stm32cubeide_1.19.0/plugins/com.st.stm32cube.ide.mcu.externaltools.gnu-tools-for-stm32.13.3.rel1.linux64_1.0.0.202410170706/tools/bin/../lib/gcc/arm-none-eabi/13.3.1/../../../../arm-none-eabi/lib/thumb/v7e-m+fp/hard/libc_nano.a(libc_a-isattyr.o)
 .ARM.attributes
                0x00000abb       0x22 /opt/st/stm32cubeide_1.19.0/plugins/com.st.stm32cube.ide.mcu.externaltools.gnu-tools-for-stm32.13.3.rel1.linux64_1.0.0.202410170706/tools/bin/../lib/gcc/arm-none-eabi/13.3.1/thumb/v7e-m+fp/hard/crtn.o
OUTPUT(stm32g431cbu6_dac_tl494.elf elf32-littlearm)
LOAD linker stubs
LOAD /opt/st/stm32cubeide_1.19.0/plugins/com.st.stm32cube.ide.mcu.externaltools.gnu-tools-for-stm32.13.3.rel1.linux64_1.0.0.202410170706/tools/bin/../lib/gcc/arm-none-eabi/13.3.1/../../../../arm-none-eabi/lib/thumb/v7e-m+fp/hard/libc.a
LOAD /opt/st/stm32cubeide_1.19.0/plugins/com.st.stm32cube.ide.mcu.externaltools.gnu-tools-for-stm32.13.3.rel1.linux64_1.0.0.202410170706/tools/bin/../lib/gcc/arm-none-eabi/13.3.1/../../../../arm-none-eabi/lib/thumb/v7e-m+fp/hard/libm.a
LOAD /opt/st/stm32cubeide_1.19.0/plugins/com.st.stm32cube.ide.mcu.externaltools.gnu-tools-for-stm32.13.3.rel1.linux64_1.0.0.202410170706/tools/bin/../lib/gcc/arm-none-eabi/13.3.1/thumb/v7e-m+fp/hard/libgcc.a

.debug_info     0x00000000    0x132fc
 .debug_info    0x00000000     0x268b ./Core/Src/main.o
 .debug_info    0x0000268b     0x1515 ./Core/Src/stm32g4xx_hal_msp.o
 .debug_info    0x00003ba0      0x175 ./Core/Src/stm32g4xx_it.o
 .debug_info    0x00003d15      0x6a3 ./Core/Src/syscalls.o
 .debug_info    0x000043b8      0x168 ./Core/Src/sysmem.o
 .debug_info    0x00004520      0x58e ./Core/Src/system_stm32g4xx.o
 .debug_info    0x00004aae       0x30 ./Core/Startup/startup_stm32g431cbux.o
 .debug_info    0x00004ade      0xadb ./Drivers/STM32G4xx_HAL_Driver/Src/stm32g4xx_hal.o
 .debug_info    0x000055b9      0xd3f ./Drivers/STM32G4xx_HAL_Driver/Src/stm32g4xx_hal_cortex.o
 .debug_info    0x000062f8      0xcbc ./Drivers/STM32G4xx_HAL_Driver/Src/stm32g4xx_hal_dac.o
 .debug_info    0x00006fb4      0x6c2 ./Drivers/STM32G4xx_HAL_Driver/Src/stm32g4xx_hal_flash.o
 .debug_info    0x00007676      0x8a7 ./Drivers/STM32G4xx_HAL_Driver/Src/stm32g4xx_hal_flash_ex.o
 .debug_info    0x00007f1d      0x763 ./Drivers/STM32G4xx_HAL_Driver/Src/stm32g4xx_hal_gpio.o
 .debug_info    0x00008680     0x21ea ./Drivers/STM32G4xx_HAL_Driver/Src/stm32g4xx_hal_i2c.o
 .debug_info    0x0000a86a      0xad6 ./Drivers/STM32G4xx_HAL_Driver/Src/stm32g4xx_hal_i2c_ex.o
 .debug_info    0x0000b340      0x935 ./Drivers/STM32G4xx_HAL_Driver/Src/stm32g4xx_hal_pwr.o
 .debug_info    0x0000bc75      0x93f ./Drivers/STM32G4xx_HAL_Driver/Src/stm32g4xx_hal_pwr_ex.o
 .debug_info    0x0000c5b4      0xb82 ./Drivers/STM32G4xx_HAL_Driver/Src/stm32g4xx_hal_rcc.o
 .debug_info    0x0000d136      0xc15 ./Drivers/STM32G4xx_HAL_Driver/Src/stm32g4xx_hal_rcc_ex.o
 .debug_info    0x0000dd4b      0xd5b ./Drivers/STM32G4xx_HAL_Driver/Src/stm32g4xx_hal_rtc.o
 .debug_info    0x0000eaa6     0x1677 ./Drivers/STM32G4xx_HAL_Driver/Src/stm32g4xx_hal_spi.o
 .debug_info    0x0001011d      0x703 ./Usr libs/STM32_Library_Encoder/M_ENC.o
 .debug_info    0x00010820      0xad5 ./Usr libs/STM32_Library_INA226/M_INA226.o
 .debug_info    0x000112f5     0x1484 ./Usr libs/STM32_Library_My_Graphic_Library/MGL.o
 .debug_info    0x00012779      0xb83 ./Usr libs/STM32_Library_My_Graphic_Library/st7735_driver/st7735.o

.debug_abbrev   0x00000000     0x351d
 .debug_abbrev  0x00000000      0x47a ./Core/Src/main.o
 .debug_abbrev  0x0000047a      0x261 ./Core/Src/stm32g4xx_hal_msp.o
 .debug_abbrev  0x000006db       0xa0 ./Core/Src/stm32g4xx_it.o
 .debug_abbrev  0x0000077b      0x1b6 ./Core/Src/syscalls.o
 .debug_abbrev  0x00000931       0xbc ./Core/Src/sysmem.o
 .debug_abbrev  0x000009ed      0x11a ./Core/Src/system_stm32g4xx.o
 .debug_abbrev  0x00000b07       0x24 ./Core/Startup/startup_stm32g431cbux.o
 .debug_abbrev  0x00000b2b      0x271 ./Drivers/STM32G4xx_HAL_Driver/Src/stm32g4xx_hal.o
 .debug_abbrev  0x00000d9c      0x31c ./Drivers/STM32G4xx_HAL_Driver/Src/stm32g4xx_hal_cortex.o
 .debug_abbrev  0x000010b8      0x231 ./Drivers/STM32G4xx_HAL_Driver/Src/stm32g4xx_hal_dac.o
 .debug_abbrev  0x000012e9      0x325 ./Drivers/STM32G4xx_HAL_Driver/Src/stm32g4xx_hal_flash.o
 .debug_abbrev  0x0000160e      0x290 ./Drivers/STM32G4xx_HAL_Driver/Src/stm32g4xx_hal_flash_ex.o
 .debug_abbrev  0x0000189e      0x1cb ./Drivers/STM32G4xx_HAL_Driver/Src/stm32g4xx_hal_gpio.o
 .debug_abbrev  0x00001a69      0x25e ./Drivers/STM32G4xx_HAL_Driver/Src/stm32g4xx_hal_i2c.o
 .debug_abbrev  0x00001cc7      0x1c0 ./Drivers/STM32G4xx_HAL_Driver/Src/stm32g4xx_hal_i2c_ex.o
 .debug_abbrev  0x00001e87      0x1c8 ./Drivers/STM32G4xx_HAL_Driver/Src/stm32g4xx_hal_pwr.o
 .debug_abbrev  0x0000204f      0x22c ./Drivers/STM32G4xx_HAL_Driver/Src/stm32g4xx_hal_pwr_ex.o
 .debug_abbrev  0x0000227b      0x2c9 ./Drivers/STM32G4xx_HAL_Driver/Src/stm32g4xx_hal_rcc.o
 .debug_abbrev  0x00002544      0x258 ./Drivers/STM32G4xx_HAL_Driver/Src/stm32g4xx_hal_rcc_ex.o
 .debug_abbrev  0x0000279c      0x201 ./Drivers/STM32G4xx_HAL_Driver/Src/stm32g4xx_hal_rtc.o
 .debug_abbrev  0x0000299d      0x25d ./Drivers/STM32G4xx_HAL_Driver/Src/stm32g4xx_hal_spi.o
 .debug_abbrev  0x00002bfa      0x22c ./Usr libs/STM32_Library_Encoder/M_ENC.o
 .debug_abbrev  0x00002e26      0x245 ./Usr libs/STM32_Library_INA226/M_INA226.o
 .debug_abbrev  0x0000306b      0x262 ./Usr libs/STM32_Library_My_Graphic_Library/MGL.o
 .debug_abbrev  0x000032cd      0x250 ./Usr libs/STM32_Library_My_Graphic_Library/st7735_driver/st7735.o

.debug_aranges  0x00000000     0x12f8
 .debug_aranges
                0x00000000       0xd8 ./Core/Src/main.o
 .debug_aranges
                0x000000d8       0x60 ./Core/Src/stm32g4xx_hal_msp.o
 .debug_aranges
                0x00000138       0x78 ./Core/Src/stm32g4xx_it.o
 .debug_aranges
                0x000001b0       0xa8 ./Core/Src/syscalls.o
 .debug_aranges
                0x00000258       0x20 ./Core/Src/sysmem.o
 .debug_aranges
                0x00000278       0x28 ./Core/Src/system_stm32g4xx.o
 .debug_aranges
                0x000002a0       0x28 ./Core/Startup/startup_stm32g431cbux.o
 .debug_aranges
                0x000002c8      0x148 ./Drivers/STM32G4xx_HAL_Driver/Src/stm32g4xx_hal.o
 .debug_aranges
                0x00000410      0x128 ./Drivers/STM32G4xx_HAL_Driver/Src/stm32g4xx_hal_cortex.o
 .debug_aranges
                0x00000538       0xc0 ./Drivers/STM32G4xx_HAL_Driver/Src/stm32g4xx_hal_dac.o
 .debug_aranges
                0x000005f8       0x88 ./Drivers/STM32G4xx_HAL_Driver/Src/stm32g4xx_hal_flash.o
 .debug_aranges
                0x00000680       0xc8 ./Drivers/STM32G4xx_HAL_Driver/Src/stm32g4xx_hal_flash_ex.o
 .debug_aranges
                0x00000748       0x58 ./Drivers/STM32G4xx_HAL_Driver/Src/stm32g4xx_hal_gpio.o
 .debug_aranges
                0x000007a0      0x2a0 ./Drivers/STM32G4xx_HAL_Driver/Src/stm32g4xx_hal_i2c.o
 .debug_aranges
                0x00000a40       0x48 ./Drivers/STM32G4xx_HAL_Driver/Src/stm32g4xx_hal_i2c_ex.o
 .debug_aranges
                0x00000a88       0x98 ./Drivers/STM32G4xx_HAL_Driver/Src/stm32g4xx_hal_pwr.o
 .debug_aranges
                0x00000b20      0x140 ./Drivers/STM32G4xx_HAL_Driver/Src/stm32g4xx_hal_pwr_ex.o
 .debug_aranges
                0x00000c60       0x98 ./Drivers/STM32G4xx_HAL_Driver/Src/stm32g4xx_hal_rcc.o
 .debug_aranges
                0x00000cf8       0xb0 ./Drivers/STM32G4xx_HAL_Driver/Src/stm32g4xx_hal_rcc_ex.o
 .debug_aranges
                0x00000da8       0xe8 ./Drivers/STM32G4xx_HAL_Driver/Src/stm32g4xx_hal_rtc.o
 .debug_aranges
                0x00000e90      0x1d8 ./Drivers/STM32G4xx_HAL_Driver/Src/stm32g4xx_hal_spi.o
 .debug_aranges
                0x00001068       0x60 ./Usr libs/STM32_Library_Encoder/M_ENC.o
 .debug_aranges
                0x000010c8       0xa8 ./Usr libs/STM32_Library_INA226/M_INA226.o
 .debug_aranges
                0x00001170      0x110 ./Usr libs/STM32_Library_My_Graphic_Library/MGL.o
 .debug_aranges
                0x00001280       0x78 ./Usr libs/STM32_Library_My_Graphic_Library/st7735_driver/st7735.o

.debug_rnglists
                0x00000000      0xe73
 .debug_rnglists
                0x00000000       0xab ./Core/Src/main.o
 .debug_rnglists
                0x000000ab       0x45 ./Core/Src/stm32g4xx_hal_msp.o
 .debug_rnglists
                0x000000f0       0x55 ./Core/Src/stm32g4xx_it.o
 .debug_rnglists
                0x00000145       0x79 ./Core/Src/syscalls.o
 .debug_rnglists
                0x000001be       0x13 ./Core/Src/sysmem.o
 .debug_rnglists
                0x000001d1       0x1a ./Core/Src/system_stm32g4xx.o
 .debug_rnglists
                0x000001eb       0x19 ./Core/Startup/startup_stm32g431cbux.o
 .debug_rnglists
                0x00000204       0xf1 ./Drivers/STM32G4xx_HAL_Driver/Src/stm32g4xx_hal.o
 .debug_rnglists
                0x000002f5       0xda ./Drivers/STM32G4xx_HAL_Driver/Src/stm32g4xx_hal_cortex.o
 .debug_rnglists
                0x000003cf       0x90 ./Drivers/STM32G4xx_HAL_Driver/Src/stm32g4xx_hal_dac.o
 .debug_rnglists
                0x0000045f       0x65 ./Drivers/STM32G4xx_HAL_Driver/Src/stm32g4xx_hal_flash.o
 .debug_rnglists
                0x000004c4       0x98 ./Drivers/STM32G4xx_HAL_Driver/Src/stm32g4xx_hal_flash_ex.o
 .debug_rnglists
                0x0000055c       0x3f ./Drivers/STM32G4xx_HAL_Driver/Src/stm32g4xx_hal_gpio.o
 .debug_rnglists
                0x0000059b      0x228 ./Drivers/STM32G4xx_HAL_Driver/Src/stm32g4xx_hal_i2c.o
 .debug_rnglists
                0x000007c3       0x35 ./Drivers/STM32G4xx_HAL_Driver/Src/stm32g4xx_hal_i2c_ex.o
 .debug_rnglists
                0x000007f8       0x6e ./Drivers/STM32G4xx_HAL_Driver/Src/stm32g4xx_hal_pwr.o
 .debug_rnglists
                0x00000866       0xf1 ./Drivers/STM32G4xx_HAL_Driver/Src/stm32g4xx_hal_pwr_ex.o
 .debug_rnglists
                0x00000957       0x74 ./Drivers/STM32G4xx_HAL_Driver/Src/stm32g4xx_hal_rcc.o
 .debug_rnglists
                0x000009cb       0x87 ./Drivers/STM32G4xx_HAL_Driver/Src/stm32g4xx_hal_rcc_ex.o
 .debug_rnglists
                0x00000a52       0xb4 ./Drivers/STM32G4xx_HAL_Driver/Src/stm32g4xx_hal_rtc.o
 .debug_rnglists
                0x00000b06      0x178 ./Drivers/STM32G4xx_HAL_Driver/Src/stm32g4xx_hal_spi.o
 .debug_rnglists
                0x00000c7e       0x44 ./Usr libs/STM32_Library_Encoder/M_ENC.o
 .debug_rnglists
                0x00000cc2       0x79 ./Usr libs/STM32_Library_INA226/M_INA226.o
 .debug_rnglists
                0x00000d3b       0xe0 ./Usr libs/STM32_Library_My_Graphic_Library/MGL.o
 .debug_rnglists
                0x00000e1b       0x58 ./Usr libs/STM32_Library_My_Graphic_Library/st7735_driver/st7735.o

.debug_macro    0x00000000    0x20dc9
 .debug_macro   0x00000000      0x4d0 ./Core/Src/main.o
 .debug_macro   0x000004d0      0xad8 ./Core/Src/main.o
 .debug_macro   0x00000fa8      0x167 ./Core/Src/main.o
 .debug_macro   0x0000110f       0x2e ./Core/Src/main.o
 .debug_macro   0x0000113d       0x28 ./Core/Src/main.o
 .debug_macro   0x00001165       0x22 ./Core/Src/main.o
 .debug_macro   0x00001187       0x8e ./Core/Src/main.o
 .debug_macro   0x00001215       0x51 ./Core/Src/main.o
 .debug_macro   0x00001266      0x103 ./Core/Src/main.o
 .debug_macro   0x00001369       0x6a ./Core/Src/main.o
 .debug_macro   0x000013d3      0x1df ./Core/Src/main.o
 .debug_macro   0x000015b2       0x1c ./Core/Src/main.o
 .debug_macro   0x000015ce       0x22 ./Core/Src/main.o
 .debug_macro   0x000015f0       0xfb ./Core/Src/main.o
 .debug_macro   0x000016eb     0x1011 ./Core/Src/main.o
 .debug_macro   0x000026fc      0x11f ./Core/Src/main.o
 .debug_macro   0x0000281b    0x1138f ./Core/Src/main.o
 .debug_macro   0x00013baa       0x6d ./Core/Src/main.o
 .debug_macro   0x00013c17     0x3558 ./Core/Src/main.o
 .debug_macro   0x0001716f      0x190 ./Core/Src/main.o
 .debug_macro   0x000172ff       0x5c ./Core/Src/main.o
 .debug_macro   0x0001735b     0x141d ./Core/Src/main.o
 .debug_macro   0x00018778      0x535 ./Core/Src/main.o
 .debug_macro   0x00018cad      0x1b6 ./Core/Src/main.o
 .debug_macro   0x00018e63      0x288 ./Core/Src/main.o
 .debug_macro   0x000190eb      0x41d ./Core/Src/main.o
 .debug_macro   0x00019508      0x18b ./Core/Src/main.o
 .debug_macro   0x00019693       0x43 ./Core/Src/main.o
 .debug_macro   0x000196d6      0x23d ./Core/Src/main.o
 .debug_macro   0x00019913      0x209 ./Core/Src/main.o
 .debug_macro   0x00019b1c      0x108 ./Core/Src/main.o
 .debug_macro   0x00019c24      0x211 ./Core/Src/main.o
 .debug_macro   0x00019e35      0x401 ./Core/Src/main.o
 .debug_macro   0x0001a236      0x107 ./Core/Src/main.o
 .debug_macro   0x0001a33d      0x22c ./Core/Src/main.o
 .debug_macro   0x0001a569       0x61 ./Core/Src/main.o
 .debug_macro   0x0001a5ca       0xa5 ./Core/Src/main.o
 .debug_macro   0x0001a66f      0x122 ./Core/Src/main.o
 .debug_macro   0x0001a791      0x3d1 ./Core/Src/main.o
 .debug_macro   0x0001ab62      0x367 ./Core/Src/main.o
 .debug_macro   0x0001aec9      0x543 ./Core/Src/main.o
 .debug_macro   0x0001b40c       0xeb ./Core/Src/main.o
 .debug_macro   0x0001b4f7      0x2fe ./Core/Src/main.o
 .debug_macro   0x0001b7f5      0x306 ./Core/Src/main.o
 .debug_macro   0x0001bafb       0x82 ./Core/Src/main.o
 .debug_macro   0x0001bb7d       0x61 ./Core/Src/main.o
 .debug_macro   0x0001bbde       0x2a ./Core/Src/main.o
 .debug_macro   0x0001bc08       0x43 ./Core/Src/main.o
 .debug_macro   0x0001bc4b       0x34 ./Core/Src/main.o
 .debug_macro   0x0001bc7f       0x16 ./Core/Src/main.o
 .debug_macro   0x0001bc95       0x3c ./Core/Src/main.o
 .debug_macro   0x0001bcd1      0x370 ./Core/Src/main.o
 .debug_macro   0x0001c041       0x10 ./Core/Src/main.o
 .debug_macro   0x0001c051       0x16 ./Core/Src/main.o
 .debug_macro   0x0001c067       0x4a ./Core/Src/main.o
 .debug_macro   0x0001c0b1       0x34 ./Core/Src/main.o
 .debug_macro   0x0001c0e5       0x10 ./Core/Src/main.o
 .debug_macro   0x0001c0f5       0x58 ./Core/Src/main.o
 .debug_macro   0x0001c14d       0x8e ./Core/Src/main.o
 .debug_macro   0x0001c1db       0x1c ./Core/Src/main.o
 .debug_macro   0x0001c1f7      0x185 ./Core/Src/main.o
 .debug_macro   0x0001c37c       0x16 ./Core/Src/main.o
 .debug_macro   0x0001c392       0x16 ./Core/Src/main.o
 .debug_macro   0x0001c3a8      0x146 ./Core/Src/main.o
 .debug_macro   0x0001c4ee       0x22 ./Core/Src/main.o
 .debug_macro   0x0001c510       0xdd ./Core/Src/main.o
 .debug_macro   0x0001c5ed       0x90 ./Core/Src/main.o
 .debug_macro   0x0001c67d      0x377 ./Core/Src/main.o
 .debug_macro   0x0001c9f4      0x1d1 ./Core/Src/main.o
 .debug_macro   0x0001cbc5      0x156 ./Core/Src/main.o
 .debug_macro   0x0001cd1b       0x16 ./Core/Src/main.o
 .debug_macro   0x0001cd31      0x210 ./Core/Src/stm32g4xx_hal_msp.o
 .debug_macro   0x0001cf41      0x21a ./Core/Src/stm32g4xx_it.o
 .debug_macro   0x0001d15b      0x274 ./Core/Src/syscalls.o
 .debug_macro   0x0001d3cf       0x5b ./Core/Src/syscalls.o
 .debug_macro   0x0001d42a       0x94 ./Core/Src/syscalls.o
 .debug_macro   0x0001d4be       0x57 ./Core/Src/syscalls.o
 .debug_macro   0x0001d515       0x10 ./Core/Src/syscalls.o
 .debug_macro   0x0001d525       0x10 ./Core/Src/syscalls.o
 .debug_macro   0x0001d535       0x10 ./Core/Src/syscalls.o
 .debug_macro   0x0001d545       0x10 ./Core/Src/syscalls.o
 .debug_macro   0x0001d555       0x1c ./Core/Src/syscalls.o
 .debug_macro   0x0001d571       0x52 ./Core/Src/syscalls.o
 .debug_macro   0x0001d5c3       0x22 ./Core/Src/syscalls.o
 .debug_macro   0x0001d5e5       0x10 ./Core/Src/syscalls.o
 .debug_macro   0x0001d5f5       0x52 ./Core/Src/syscalls.o
 .debug_macro   0x0001d647       0xcf ./Core/Src/syscalls.o
 .debug_macro   0x0001d716       0x1c ./Core/Src/syscalls.o
 .debug_macro   0x0001d732       0x3d ./Core/Src/syscalls.o
 .debug_macro   0x0001d76f       0x35 ./Core/Src/syscalls.o
 .debug_macro   0x0001d7a4      0x12c ./Core/Src/syscalls.o
 .debug_macro   0x0001d8d0       0x16 ./Core/Src/syscalls.o
 .debug_macro   0x0001d8e6       0x16 ./Core/Src/syscalls.o
 .debug_macro   0x0001d8fc       0x29 ./Core/Src/syscalls.o