../Usr libs/STM32_Library_My_Graphic_Library/MGL.c:87:6:MGL_DrawPixel	24	static
../Usr libs/STM32_Library_My_Graphic_Library/MGL.c:99:6:MGL_FillRect	32	static
../Usr libs/STM32_Library_My_Graphic_Library/MGL.c:114:6:MGL_DrawLine	56	static
../Usr libs/STM32_Library_My_Graphic_Library/MGL.c:151:6:MGL_DrawRect	32	static
../Usr libs/STM32_Library_My_Graphic_Library/MGL.c:166:6:MGL_DrawRoundRect	32	static
../Usr libs/STM32_Library_My_Graphic_Library/MGL.c:185:6:MGL_DrawCircle	40	static
../Usr libs/STM32_Library_My_Graphic_Library/MGL.c:253:6:MGL_FillCircle	48	static
../Usr libs/STM32_Library_My_Graphic_Library/MGL.c:309:6:MGL_DrawRomb	32	static
../Usr libs/STM32_Library_My_Graphic_Library/MGL.c:344:6:MGL_DrawArray	40	static
../Usr libs/STM32_Library_My_Graphic_Library/MGL.c:385:6:MGL_DrawColorArray	168	static
../Usr libs/STM32_Library_My_Graphic_Library/MGL.c:427:6:MGL_PrintChar_5x8	24	static
../Usr libs/STM32_Library_My_Graphic_Library/MGL.c:452:6:MGL_PrintChar_5x8_Resize	40	static
../Usr libs/STM32_Library_My_Graphic_Library/MGL.c:469:6:MGL_PrintChar_7x11	24	static
../Usr libs/STM32_Library_My_Graphic_Library/MGL.c:495:6:MGL_PrintChar_12x16	40	static
../Usr libs/STM32_Library_My_Graphic_Library/MGL.c:526:6:MGL_PrintChar_17x24	40	static
../Usr libs/STM32_Library_My_Graphic_Library/MGL.c:556:6:MGL_PrintChar_23x32	40	static
../Usr libs/STM32_Library_My_Graphic_Library/MGL.c:592:6:MGL_PrintStr_5x8	24	static
../Usr libs/STM32_Library_My_Graphic_Library/MGL.c:621:6:MGL_PrintStr_5x8_Resize	24	static
../Usr libs/STM32_Library_My_Graphic_Library/MGL.c:644:6:MGL_PrintStr_7x11	24	static
../Usr libs/STM32_Library_My_Graphic_Library/MGL.c:673:6:MGL_PrintStr_12x16	24	static
../Usr libs/STM32_Library_My_Graphic_Library/MGL.c:709:6:MGL_PrintStr_17x24	24	static
../Usr libs/STM32_Library_My_Graphic_Library/MGL.c:745:6:MGL_PrintStr_23x32	24	static
../Usr libs/STM32_Library_My_Graphic_Library/MGL.c:782:13:MGL_PrintStr	24	static
../Usr libs/STM32_Library_My_Graphic_Library/MGL.c:796:6:MGL_PrintUint8_R	24	static
../Usr libs/STM32_Library_My_Graphic_Library/MGL.c:831:6:MGL_PrintInt16_L	56	static
../Usr libs/STM32_Library_My_Graphic_Library/MGL.c:888:6:MGL_PrintUint16_L	48	static
../Usr libs/STM32_Library_My_Graphic_Library/MGL.c:953:6:MGL_PrintInt16_R	56	static
../Usr libs/STM32_Library_My_Graphic_Library/MGL.c:1024:6:MGL_PrintUint16_R	48	static
../Usr libs/STM32_Library_My_Graphic_Library/MGL.c:1082:6:MGL_PrintFloatTiny_R	56	static
../Usr libs/STM32_Library_My_Graphic_Library/MGL.c:1133:6:MGL_PrintFloatTiny_L	56	static,ignoring_inline_asm
../Usr libs/STM32_Library_My_Graphic_Library/MGL.c:1191:6:MGL_DrawBar	40	static
../Usr libs/STM32_Library_My_Graphic_Library/MGL.c:1283:6:MGL_Itoa	24	static
../Usr libs/STM32_Library_My_Graphic_Library/MGL.c:1304:6:MGL_Reverse	24	static
../Usr libs/STM32_Library_My_Graphic_Library/MGL.c:1323:13:MGL_SetErr	16	static
../Usr libs/STM32_Library_My_Graphic_Library/MGL.c:1335:13:MGL_SetBufClr	16	static
../Usr libs/STM32_Library_My_Graphic_Library/MGL.c:1346:13:MGL_SetBufBGClr	16	static
../Usr libs/STM32_Library_My_Graphic_Library/MGL.c:1358:13:MGL_PrintErr	8	static
