../Usr libs/STM32_Library_My_Graphic_Library/MGL.c:89:6:MGL_DrawPixel	24	static
../Usr libs/STM32_Library_My_Graphic_Library/MGL.c:101:6:MGL_FillRect	32	static
../Usr libs/STM32_Library_My_Graphic_Library/MGL.c:116:6:MGL_DrawLine	56	static
../Usr libs/STM32_Library_My_Graphic_Library/MGL.c:153:6:MGL_DrawRect	32	static
../Usr libs/STM32_Library_My_Graphic_Library/MGL.c:168:6:MGL_DrawRoundRect	32	static
../Usr libs/STM32_Library_My_Graphic_Library/MGL.c:187:6:MGL_DrawCircle	40	static
../Usr libs/STM32_Library_My_Graphic_Library/MGL.c:255:6:MGL_FillCircle	48	static
../Usr libs/STM32_Library_My_Graphic_Library/MGL.c:311:6:MGL_DrawRomb	32	static
../Usr libs/STM32_Library_My_Graphic_Library/MGL.c:346:6:MGL_DrawArray	40	static
../Usr libs/STM32_Library_My_Graphic_Library/MGL.c:387:6:MGL_DrawColorArray	168	static
../Usr libs/STM32_Library_My_Graphic_Library/MGL.c:429:6:MGL_PrintChar_5x8	24	static
../Usr libs/STM32_Library_My_Graphic_Library/MGL.c:454:6:MGL_PrintChar_5x8_Resize	40	static
../Usr libs/STM32_Library_My_Graphic_Library/MGL.c:471:6:MGL_PrintChar_7x11	24	static
../Usr libs/STM32_Library_My_Graphic_Library/MGL.c:497:6:MGL_PrintChar_12x16	40	static
../Usr libs/STM32_Library_My_Graphic_Library/MGL.c:528:6:MGL_PrintChar_17x24	40	static
../Usr libs/STM32_Library_My_Graphic_Library/MGL.c:558:6:MGL_PrintChar_23x32	40	static
../Usr libs/STM32_Library_My_Graphic_Library/MGL.c:594:6:MGL_PrintStr_5x8	24	static
../Usr libs/STM32_Library_My_Graphic_Library/MGL.c:623:6:MGL_PrintStr_5x8_Resize	24	static
../Usr libs/STM32_Library_My_Graphic_Library/MGL.c:646:6:MGL_PrintStr_7x11	24	static
../Usr libs/STM32_Library_My_Graphic_Library/MGL.c:675:6:MGL_PrintStr_12x16	24	static
../Usr libs/STM32_Library_My_Graphic_Library/MGL.c:711:6:MGL_PrintStr_17x24	24	static
../Usr libs/STM32_Library_My_Graphic_Library/MGL.c:747:6:MGL_PrintStr_23x32	24	static
../Usr libs/STM32_Library_My_Graphic_Library/MGL.c:784:6:MGL_PrintStr	24	static
../Usr libs/STM32_Library_My_Graphic_Library/MGL.c:799:6:MGL_PrintUcharR	24	static
../Usr libs/STM32_Library_My_Graphic_Library/MGL.c:835:6:MGL_PrintIntL	48	static
../Usr libs/STM32_Library_My_Graphic_Library/MGL.c:873:6:MGL_PrintUintR	72	dynamic
../Usr libs/STM32_Library_My_Graphic_Library/MGL.c:917:6:MGL_PrintFloatTinyR	72	dynamic
../Usr libs/STM32_Library_My_Graphic_Library/MGL.c:963:6:MGL_PrintFloatTinyL	56	static
../Usr libs/STM32_Library_My_Graphic_Library/MGL.c:998:6:MGL_DrawBar	40	static,ignoring_inline_asm
../Usr libs/STM32_Library_My_Graphic_Library/MGL.c:1091:6:MGL_Itoa	24	static
../Usr libs/STM32_Library_My_Graphic_Library/MGL.c:1112:6:MGL_Reverse	24	static
../Usr libs/STM32_Library_My_Graphic_Library/MGL.c:1131:13:MGL_SetErr	16	static
../Usr libs/STM32_Library_My_Graphic_Library/MGL.c:1143:13:MGL_SetBufClr	16	static
../Usr libs/STM32_Library_My_Graphic_Library/MGL.c:1154:13:MGL_SetBufBGClr	16	static
../Usr libs/STM32_Library_My_Graphic_Library/MGL.c:1166:13:MGL_PrintErr	8	static
