../Usr libs/STM32_Library_My_Graphic_Library/MGL.c:88:6:MGL_DrawPixel	24	static
../Usr libs/STM32_Library_My_Graphic_Library/MGL.c:100:6:MGL_FillRect	32	static
../Usr libs/STM32_Library_My_Graphic_Library/MGL.c:114:6:MGL_DrawLine	56	static
../Usr libs/STM32_Library_My_Graphic_Library/MGL.c:148:6:MGL_DrawRect	32	static
../Usr libs/STM32_Library_My_Graphic_Library/MGL.c:163:6:MGL_DrawRoundRect	32	static
../Usr libs/STM32_Library_My_Graphic_Library/MGL.c:182:6:MGL_DrawCircle	40	static
../Usr libs/STM32_Library_My_Graphic_Library/MGL.c:250:6:MGL_FillCircle	48	static
../Usr libs/STM32_Library_My_Graphic_Library/MGL.c:306:6:MGL_DrawRomb	32	static
../Usr libs/STM32_Library_My_Graphic_Library/MGL.c:342:6:MGL_DrawArray	40	static
../Usr libs/STM32_Library_My_Graphic_Library/MGL.c:382:6:MGL_DrawColorArray	168	static
../Usr libs/STM32_Library_My_Graphic_Library/MGL.c:426:6:MGL_PrintChar_5x8	24	static
../Usr libs/STM32_Library_My_Graphic_Library/MGL.c:451:6:MGL_PrintChar_5x8_Resize	40	static
../Usr libs/STM32_Library_My_Graphic_Library/MGL.c:467:6:MGL_PrintChar_7x11	24	static
../Usr libs/STM32_Library_My_Graphic_Library/MGL.c:491:6:MGL_PrintChar_12x16	40	static
../Usr libs/STM32_Library_My_Graphic_Library/MGL.c:519:6:MGL_PrintChar_17x24	40	static
../Usr libs/STM32_Library_My_Graphic_Library/MGL.c:546:6:MGL_PrintChar_23x32	40	static
../Usr libs/STM32_Library_My_Graphic_Library/MGL.c:579:6:MGL_PrintStr_5x8	24	static
../Usr libs/STM32_Library_My_Graphic_Library/MGL.c:607:6:MGL_PrintStr_5x8_Resize	24	static
../Usr libs/STM32_Library_My_Graphic_Library/MGL.c:630:6:MGL_PrintStr_7x11	24	static
../Usr libs/STM32_Library_My_Graphic_Library/MGL.c:659:6:MGL_PrintStr_12x16	24	static
../Usr libs/STM32_Library_My_Graphic_Library/MGL.c:694:6:MGL_PrintStr_17x24	24	static
../Usr libs/STM32_Library_My_Graphic_Library/MGL.c:729:6:MGL_PrintStr_23x32	24	static
../Usr libs/STM32_Library_My_Graphic_Library/MGL.c:765:6:MGL_PrintStr	24	static
../Usr libs/STM32_Library_My_Graphic_Library/MGL.c:780:6:MGL_PrintUcharR	24	static
../Usr libs/STM32_Library_My_Graphic_Library/MGL.c:812:6:MGL_PrintIntL	48	static
../Usr libs/STM32_Library_My_Graphic_Library/MGL.c:848:6:MGL_PrintUintR	72	dynamic
../Usr libs/STM32_Library_My_Graphic_Library/MGL.c:886:6:MGL_PrintFloatTinyR	72	dynamic
../Usr libs/STM32_Library_My_Graphic_Library/MGL.c:924:6:MGL_PrintFloatTinyL	56	static
../Usr libs/STM32_Library_My_Graphic_Library/MGL.c:954:6:MGL_DrawBar	40	static,ignoring_inline_asm
../Usr libs/STM32_Library_My_Graphic_Library/MGL.c:1048:6:MGL_Itoa	24	static
../Usr libs/STM32_Library_My_Graphic_Library/MGL.c:1063:6:MGL_Reverse	24	static
