/media/aborav/Seagate Expansion Drive/1.Laptop/1.Programming/2.STM32/Libraries_M/STM32_Library_My_Graphic_Library/MGL.c:96:6:MGL_DrawPixel	24	static
/media/aborav/Seagate Expansion Drive/1.Laptop/1.Programming/2.STM32/Libraries_M/STM32_Library_My_Graphic_Library/MGL.c:108:6:MGL_FillRect	32	static
/media/aborav/Seagate Expansion Drive/1.Laptop/1.Programming/2.STM32/Libraries_M/STM32_Library_My_Graphic_Library/MGL.c:123:6:MGL_DrawLine	56	static
/media/aborav/Seagate Expansion Drive/1.Laptop/1.Programming/2.STM32/Libraries_M/STM32_Library_My_Graphic_Library/MGL.c:160:6:MGL_DrawRect	32	static
/media/aborav/Seagate Expansion Drive/1.Laptop/1.Programming/2.STM32/Libraries_M/STM32_Library_My_Graphic_Library/MGL.c:175:6:MGL_DrawRoundRect	32	static
/media/aborav/Seagate Expansion Drive/1.Laptop/1.Programming/2.STM32/Libraries_M/STM32_Library_My_Graphic_Library/MGL.c:194:6:MGL_DrawCircle	40	static
/media/aborav/Seagate Expansion Drive/1.Laptop/1.Programming/2.STM32/Libraries_M/STM32_Library_My_Graphic_Library/MGL.c:262:6:MGL_FillCircle	48	static
/media/aborav/Seagate Expansion Drive/1.Laptop/1.Programming/2.STM32/Libraries_M/STM32_Library_My_Graphic_Library/MGL.c:318:6:MGL_DrawRomb	32	static
/media/aborav/Seagate Expansion Drive/1.Laptop/1.Programming/2.STM32/Libraries_M/STM32_Library_My_Graphic_Library/MGL.c:353:6:MGL_DrawArray	40	static
/media/aborav/Seagate Expansion Drive/1.Laptop/1.Programming/2.STM32/Libraries_M/STM32_Library_My_Graphic_Library/MGL.c:394:6:MGL_DrawColorArray	168	static
/media/aborav/Seagate Expansion Drive/1.Laptop/1.Programming/2.STM32/Libraries_M/STM32_Library_My_Graphic_Library/MGL.c:436:6:MGL_PrintChar_5x8	24	static
/media/aborav/Seagate Expansion Drive/1.Laptop/1.Programming/2.STM32/Libraries_M/STM32_Library_My_Graphic_Library/MGL.c:461:6:MGL_PrintChar_5x8_Resize	40	static
/media/aborav/Seagate Expansion Drive/1.Laptop/1.Programming/2.STM32/Libraries_M/STM32_Library_My_Graphic_Library/MGL.c:478:6:MGL_PrintChar_7x11	24	static
/media/aborav/Seagate Expansion Drive/1.Laptop/1.Programming/2.STM32/Libraries_M/STM32_Library_My_Graphic_Library/MGL.c:504:6:MGL_PrintChar_12x16	40	static
/media/aborav/Seagate Expansion Drive/1.Laptop/1.Programming/2.STM32/Libraries_M/STM32_Library_My_Graphic_Library/MGL.c:535:6:MGL_PrintChar_17x24	40	static
/media/aborav/Seagate Expansion Drive/1.Laptop/1.Programming/2.STM32/Libraries_M/STM32_Library_My_Graphic_Library/MGL.c:565:6:MGL_PrintChar_23x32	40	static
/media/aborav/Seagate Expansion Drive/1.Laptop/1.Programming/2.STM32/Libraries_M/STM32_Library_My_Graphic_Library/MGL.c:601:6:MGL_PrintStr_5x8	24	static
/media/aborav/Seagate Expansion Drive/1.Laptop/1.Programming/2.STM32/Libraries_M/STM32_Library_My_Graphic_Library/MGL.c:631:6:MGL_PrintStr_5x8_Resize	32	static
/media/aborav/Seagate Expansion Drive/1.Laptop/1.Programming/2.STM32/Libraries_M/STM32_Library_My_Graphic_Library/MGL.c:655:6:MGL_PrintStr_7x11	24	static
/media/aborav/Seagate Expansion Drive/1.Laptop/1.Programming/2.STM32/Libraries_M/STM32_Library_My_Graphic_Library/MGL.c:685:6:MGL_PrintStr_12x16	24	static
/media/aborav/Seagate Expansion Drive/1.Laptop/1.Programming/2.STM32/Libraries_M/STM32_Library_My_Graphic_Library/MGL.c:722:6:MGL_PrintStr_17x24	24	static
/media/aborav/Seagate Expansion Drive/1.Laptop/1.Programming/2.STM32/Libraries_M/STM32_Library_My_Graphic_Library/MGL.c:759:6:MGL_PrintStr_23x32	24	static
/media/aborav/Seagate Expansion Drive/1.Laptop/1.Programming/2.STM32/Libraries_M/STM32_Library_My_Graphic_Library/MGL.c:798:6:MGL_PrintUint8_R	24	static
/media/aborav/Seagate Expansion Drive/1.Laptop/1.Programming/2.STM32/Libraries_M/STM32_Library_My_Graphic_Library/MGL.c:839:6:MGL_PrintInt16_L	48	static
/media/aborav/Seagate Expansion Drive/1.Laptop/1.Programming/2.STM32/Libraries_M/STM32_Library_My_Graphic_Library/MGL.c:896:6:MGL_PrintUint16_L	40	static
/media/aborav/Seagate Expansion Drive/1.Laptop/1.Programming/2.STM32/Libraries_M/STM32_Library_My_Graphic_Library/MGL.c:961:6:MGL_PrintInt16_R	48	static
/media/aborav/Seagate Expansion Drive/1.Laptop/1.Programming/2.STM32/Libraries_M/STM32_Library_My_Graphic_Library/MGL.c:1032:6:MGL_PrintUint16_R	40	static
/media/aborav/Seagate Expansion Drive/1.Laptop/1.Programming/2.STM32/Libraries_M/STM32_Library_My_Graphic_Library/MGL.c:1090:6:MGL_PrintFloatTiny_R	48	static
/media/aborav/Seagate Expansion Drive/1.Laptop/1.Programming/2.STM32/Libraries_M/STM32_Library_My_Graphic_Library/MGL.c:1141:6:MGL_PrintFloatTiny_L	48	static
/media/aborav/Seagate Expansion Drive/1.Laptop/1.Programming/2.STM32/Libraries_M/STM32_Library_My_Graphic_Library/MGL.c:1197:6:MGL_DrawBar	40	static
/media/aborav/Seagate Expansion Drive/1.Laptop/1.Programming/2.STM32/Libraries_M/STM32_Library_My_Graphic_Library/MGL.c:1289:6:MGL_Itoa	24	static
/media/aborav/Seagate Expansion Drive/1.Laptop/1.Programming/2.STM32/Libraries_M/STM32_Library_My_Graphic_Library/MGL.c:1310:6:MGL_Reverse	24	static
/media/aborav/Seagate Expansion Drive/1.Laptop/1.Programming/2.STM32/Libraries_M/STM32_Library_My_Graphic_Library/MGL.c:1329:13:MGL_SetErr	16	static
/media/aborav/Seagate Expansion Drive/1.Laptop/1.Programming/2.STM32/Libraries_M/STM32_Library_My_Graphic_Library/MGL.c:1341:13:MGL_SetBufClr	16	static
/media/aborav/Seagate Expansion Drive/1.Laptop/1.Programming/2.STM32/Libraries_M/STM32_Library_My_Graphic_Library/MGL.c:1352:13:MGL_SetBufBGClr	16	static
/media/aborav/Seagate Expansion Drive/1.Laptop/1.Programming/2.STM32/Libraries_M/STM32_Library_My_Graphic_Library/MGL.c:1364:13:MGL_PrintErr	8	static
