../Drivers/CMSIS/Include/core_cm4.h:2059:26:ITM_SendChar	16	static,ignoring_inline_asm
/media/aborav/Seagate Expansion Drive/1.Laptop/1.Programming/2.STM32/Projects/stm32g431cbu6_dac_tl494/Usr libs/STM32_Library_Signal_Filter/M_Filter.h:41:6:FilterMedian	40	static
/media/aborav/Seagate Expansion Drive/1.Laptop/1.Programming/2.STM32/Projects/stm32g431cbu6_dac_tl494/Usr libs/STM32_Library_Signal_Filter/M_Filter.h:55:6:FilterRunAverage	16	static
../Core/Src/main.c:306:6:HAL_GPIO_EXTI_Callback	16	static
../Core/Src/main.c:320:5:_write	32	static
../Core/Src/main.c:330:6:MillisDelay	16	static
../Core/Src/main.c:349:5:main	48	static
../Core/Src/main.c:496:6:SystemClock_Config	88	static
../Core/Src/main.c:552:13:MX_DAC1_Init	56	static
../Core/Src/main.c:602:13:MX_I2C1_Init	8	static
../Core/Src/main.c:646:13:MX_RTC_Init	8	static
../Core/Src/main.c:681:13:MX_SPI2_Init	8	static
../Core/Src/main.c:719:13:MX_GPIO_Init	48	static
../Core/Src/main.c:786:6:SERV_Flash_EraseStructInit	4	static
../Core/Src/main.c:796:6:SERV_Flash_EraseTable	24	static
../Core/Src/main.c:816:6:SERV_Print_FakeFloat	48	static
../Core/Src/main.c:846:6:HMI_Input_EncodersStructInit	4	static
../Core/Src/main.c:869:6:HMI_Display_GraphBarsStructInit	16	static
../Core/Src/main.c:906:6:HMI_Input	16	static
../Core/Src/main.c:1009:6:HMI_Display_StartPage	16	static
../Core/Src/main.c:1041:6:HMI_Display_MeasPage	32	static
../Core/Src/main.c:1125:6:RPS_VAW_Conversion	16	static
../Core/Src/main.c:1145:6:RPS_Save_FBTableVolt	40	static,ignoring_inline_asm
../Core/Src/main.c:1221:6:RPS_Save_FBTableCurr	40	static
../Core/Src/main.c:1298:6:RPS_Save_Table	16	static
../Core/Src/main.c:1316:6:RPS_Save_TableInit	32	static,ignoring_inline_asm
../Core/Src/main.c:1361:6:RPS_Save_PrintSavedTables	16	static
../Core/Src/main.c:1376:6:RPS_Save_CalculateDACSteps	56	static,ignoring_inline_asm
../Core/Src/main.c:1401:6:RPS_Ctrl_U_SPReach	24	static
../Core/Src/main.c:1427:6:RPS_Ctrl_I_SPReach	24	static
../Core/Src/main.c:1455:6:Error_Handler	4	static,ignoring_inline_asm
