../Drivers/CMSIS/Include/core_cm4.h:2059:26:ITM_SendChar	16	static,ignoring_inline_asm
/media/aborav/Seagate Expansion Drive/1.Laptop/1.Programming/2.STM32/Projects/stm32g431cbu6_dac_tl494/Usr libs/STM32_Library_Signal_Filter/M_Filter.h:41:6:FilterMedian	40	static
/media/aborav/Seagate Expansion Drive/1.Laptop/1.Programming/2.STM32/Projects/stm32g431cbu6_dac_tl494/Usr libs/STM32_Library_Signal_Filter/M_Filter.h:55:6:FilterRunAverage	16	static
../Core/Src/main.c:305:6:HAL_GPIO_EXTI_Callback	16	static
../Core/Src/main.c:319:5:_write	32	static
../Core/Src/main.c:329:6:MillisDelay	16	static
../Core/Src/main.c:348:5:main	40	static
../Core/Src/main.c:469:6:SystemClock_Config	88	static
../Core/Src/main.c:525:13:MX_DAC1_Init	56	static
../Core/Src/main.c:575:13:MX_I2C1_Init	8	static
../Core/Src/main.c:619:13:MX_RTC_Init	8	static
../Core/Src/main.c:654:13:MX_SPI2_Init	8	static
../Core/Src/main.c:692:13:MX_GPIO_Init	48	static
../Core/Src/main.c:759:6:SERV_Flash_EraseStructInit	4	static
../Core/Src/main.c:769:6:SERV_Flash_EraseTable	24	static
../Core/Src/main.c:789:6:SERV_Print_FakeFloat	48	static
../Core/Src/main.c:819:6:HMI_Input_EncodersStructInit	4	static
../Core/Src/main.c:842:6:HMI_Display_GraphBarsStructInit	16	static
../Core/Src/main.c:879:6:HMI_Input	16	static
../Core/Src/main.c:982:6:HMI_Display_StartPage	16	static
../Core/Src/main.c:1014:6:HMI_Display_MeasPage	32	static
../Core/Src/main.c:1098:6:RPS_VAW_Conversion	16	static
../Core/Src/main.c:1118:6:RPS_Save_FBTableVolt	40	static,ignoring_inline_asm
../Core/Src/main.c:1194:6:RPS_Save_FBTableCurr	40	static
../Core/Src/main.c:1271:6:RPS_Save_Table	16	static
../Core/Src/main.c:1289:6:RPS_Save_TableInit	32	static,ignoring_inline_asm
../Core/Src/main.c:1335:6:RPS_Save_PrintSavedTables	16	static
../Core/Src/main.c:1350:6:RPS_Ctrl_U_SPReach	24	static
../Core/Src/main.c:1376:6:RPS_Ctrl_I_SPReach	24	static
../Core/Src/main.c:1404:6:Error_Handler	4	static,ignoring_inline_asm
