/media/aborav/Seagate Expansion Drive/1.Laptop/1.Programming/2.STM32/Libraries_M/STM32_Library_INA226/M_INA226.c:16:13:INA_Transmit	32	static
/media/aborav/Seagate Expansion Drive/1.Laptop/1.Programming/2.STM32/Libraries_M/STM32_Library_INA226/M_INA226.c:28:17:INA_Receive	32	static
/media/aborav/Seagate Expansion Drive/1.Laptop/1.Programming/2.STM32/Libraries_M/STM32_Library_INA226/M_INA226.c:42:10:INA_GetID	8	static
/media/aborav/Seagate Expansion Drive/1.Laptop/1.Programming/2.STM32/Libraries_M/STM32_Library_INA226/M_INA226.c:52:6:INA_SleepMode	24	static
/media/aborav/Seagate Expansion Drive/1.Laptop/1.Programming/2.STM32/Libraries_M/STM32_Library_INA226/M_INA226.c:63:6:INA_SetCalVal	16	static
/media/aborav/Seagate Expansion Drive/1.Laptop/1.Programming/2.STM32/Libraries_M/STM32_Library_INA226/M_INA226.c:74:10:INA_GetCalVal	8	static
/media/aborav/Seagate Expansion Drive/1.Laptop/1.Programming/2.STM32/Libraries_M/STM32_Library_INA226/M_INA226.c:85:6:INA_ChangeCalVal	16	static
/media/aborav/Seagate Expansion Drive/1.Laptop/1.Programming/2.STM32/Libraries_M/STM32_Library_INA226/M_INA226.c:96:6:INA_SetAver	24	static
/media/aborav/Seagate Expansion Drive/1.Laptop/1.Programming/2.STM32/Libraries_M/STM32_Library_INA226/M_INA226.c:108:6:INA_SetSampleTime	24	static
/media/aborav/Seagate Expansion Drive/1.Laptop/1.Programming/2.STM32/Libraries_M/STM32_Library_INA226/M_INA226.c:124:7:INA_GetBusVoltage	16	static
/media/aborav/Seagate Expansion Drive/1.Laptop/1.Programming/2.STM32/Libraries_M/STM32_Library_INA226/M_INA226.c:133:7:INA_GetCurrent	16	static
/media/aborav/Seagate Expansion Drive/1.Laptop/1.Programming/2.STM32/Libraries_M/STM32_Library_INA226/M_INA226.c:147:7:INA_GetPower	16	static
/media/aborav/Seagate Expansion Drive/1.Laptop/1.Programming/2.STM32/Libraries_M/STM32_Library_INA226/M_INA226.c:161:7:INA_GetShuntVoltage	16	static
/media/aborav/Seagate Expansion Drive/1.Laptop/1.Programming/2.STM32/Libraries_M/STM32_Library_INA226/M_INA226.c:179:10:INA_GetBusVoltageTiny	16	static
/media/aborav/Seagate Expansion Drive/1.Laptop/1.Programming/2.STM32/Libraries_M/STM32_Library_INA226/M_INA226.c:191:10:INA_GetCurrentTiny	16	static
/media/aborav/Seagate Expansion Drive/1.Laptop/1.Programming/2.STM32/Libraries_M/STM32_Library_INA226/M_INA226.c:207:10:INA_GetShuntVoltageTiny	16	static
/media/aborav/Seagate Expansion Drive/1.Laptop/1.Programming/2.STM32/Libraries_M/STM32_Library_INA226/M_INA226.c:224:10:INA_GetPowerTiny	16	static
/media/aborav/Seagate Expansion Drive/1.Laptop/1.Programming/2.STM32/Libraries_M/STM32_Library_INA226/M_INA226.c:237:6:INA_Init	16	static
