../Usr libs/STM32_Library_My_Graphic_Library/st7735_driver/st7735.c:46:6:ST7735_Reset	8	static
../Usr libs/STM32_Library_My_Graphic_Library/st7735_driver/st7735.c:54:6:ST7735_WriteCommand	16	static
../Usr libs/STM32_Library_My_Graphic_Library/st7735_driver/st7735.c:62:6:ST7735_WriteData	16	static
../Usr libs/STM32_Library_My_Graphic_Library/st7735_driver/st7735.c:71:6:ST7735_SetAddressWindow	32	static
../Usr libs/STM32_Library_My_Graphic_Library/st7735_driver/st7735.c:90:6:ST7735_DrawPixel	24	static
../Usr libs/STM32_Library_My_Graphic_Library/st7735_driver/st7735.c:105:6:ST7735_FillRectangle	32	static
../Usr libs/STM32_Library_My_Graphic_Library/st7735_driver/st7735.c:152:6:ST7735_FillScreen	24	static
../Usr libs/STM32_Library_My_Graphic_Library/st7735_driver/st7735.c:164:6:ST7735_DrawImage	24	static
../Usr libs/STM32_Library_My_Graphic_Library/st7735_driver/st7735.c:177:6:ST7735_InvertColors	16	static
../Usr libs/STM32_Library_My_Graphic_Library/st7735_driver/st7735.c:185:6:ST7735_SetGamma	16	static
../Usr libs/STM32_Library_My_Graphic_Library/st7735_driver/st7735.c:277:13:ST7735_ExecuteCommandList	24	static
../Usr libs/STM32_Library_My_Graphic_Library/st7735_driver/st7735.c:305:6:ST7735_Init	8	static
